Component: ARM Compiler 5.06 update 6 (build 750) Tool: armlink [4d35ed]

==============================================================================

Section Cross References

    startup_stm32f429xx.o(RESET) refers to startup_stm32f429xx.o(STACK) for __initial_sp
    startup_stm32f429xx.o(RESET) refers to startup_stm32f429xx.o(.text) for Reset_Handler
    startup_stm32f429xx.o(RESET) refers to stm32f4xx_it.o(i.NMI_Handler) for NMI_Handler
    startup_stm32f429xx.o(RESET) refers to stm32f4xx_it.o(i.HardFault_Handler) for HardFault_Handler
    startup_stm32f429xx.o(RESET) refers to stm32f4xx_it.o(i.MemManage_Handler) for MemManage_Handler
    startup_stm32f429xx.o(RESET) refers to stm32f4xx_it.o(i.BusFault_Handler) for BusFault_Handler
    startup_stm32f429xx.o(RESET) refers to stm32f4xx_it.o(i.UsageFault_Handler) for UsageFault_Handler
    startup_stm32f429xx.o(RESET) refers to stm32f4xx_it.o(i.SVC_Handler) for SVC_Handler
    startup_stm32f429xx.o(RESET) refers to stm32f4xx_it.o(i.DebugMon_Handler) for DebugMon_Handler
    startup_stm32f429xx.o(RESET) refers to stm32f4xx_it.o(i.PendSV_Handler) for PendSV_Handler
    startup_stm32f429xx.o(RESET) refers to stm32f4xx_it.o(i.SysTick_Handler) for SysTick_Handler
    startup_stm32f429xx.o(RESET) refers to stm32f4xx_it.o(i.USART1_IRQHandler) for USART1_IRQHandler
    startup_stm32f429xx.o(RESET) refers to stm32f4xx_it.o(i.USART2_IRQHandler) for USART2_IRQHandler
    startup_stm32f429xx.o(RESET) refers to stm32f4xx_it.o(i.USART3_IRQHandler) for USART3_IRQHandler
    startup_stm32f429xx.o(RESET) refers to stm32f4xx_it.o(i.DMA2_Stream0_IRQHandler) for DMA2_Stream0_IRQHandler
    startup_stm32f429xx.o(.text) refers to system_stm32f4xx.o(i.SystemInit) for SystemInit
    startup_stm32f429xx.o(.text) refers to entry.o(.ARM.Collect$$$$00000000) for __main
    main.o(i.SystemClock_Config) refers to memseta.o(.text) for __aeabi_memclr4
    main.o(i.SystemClock_Config) refers to stm32f4xx_hal_rcc.o(i.HAL_RCC_OscConfig) for HAL_RCC_OscConfig
    main.o(i.SystemClock_Config) refers to stm32f4xx_hal_pwr_ex.o(i.HAL_PWREx_EnableOverDrive) for HAL_PWREx_EnableOverDrive
    main.o(i.SystemClock_Config) refers to stm32f4xx_hal_rcc.o(i.HAL_RCC_ClockConfig) for HAL_RCC_ClockConfig
    main.o(i.SystemClock_Config) refers to stm32f4xx_hal_rcc.o(i.HAL_RCC_EnableCSS) for HAL_RCC_EnableCSS
    main.o(i.main) refers to stm32f4xx_hal.o(i.HAL_Init) for HAL_Init
    main.o(i.main) refers to main.o(i.SystemClock_Config) for SystemClock_Config
    main.o(i.main) refers to gpio.o(i.MX_GPIO_Init) for MX_GPIO_Init
    main.o(i.main) refers to dma.o(i.MX_DMA_Init) for MX_DMA_Init
    main.o(i.main) refers to fmc.o(i.MX_FMC_Init) for MX_FMC_Init
    main.o(i.main) refers to usart.o(i.MX_USART1_UART_Init) for MX_USART1_UART_Init
    main.o(i.main) refers to usart.o(i.MX_USART2_UART_Init) for MX_USART2_UART_Init
    main.o(i.main) refers to usart.o(i.MX_USART3_UART_Init) for MX_USART3_UART_Init
    main.o(i.main) refers to dac.o(i.MX_DAC_Init) for MX_DAC_Init
    main.o(i.main) refers to adc.o(i.MX_ADC2_Init) for MX_ADC2_Init
    main.o(i.main) refers to adc.o(i.MX_ADC1_Init) for MX_ADC1_Init
    main.o(i.main) refers to tim.o(i.MX_TIM2_Init) for MX_TIM2_Init
    main.o(i.main) refers to stm32f4xx_hal_uart.o(i.HAL_UART_Receive_IT) for HAL_UART_Receive_IT
    main.o(i.main) refers to cmd_to_fun.o(i.CTRL_INIT) for CTRL_INIT
    main.o(i.main) refers to da_output.o(i.DA_Init) for DA_Init
    main.o(i.main) refers to da_output.o(i.DA_Apply_Settings) for DA_Apply_Settings
    main.o(i.main) refers to app_pid.o(i.PID_Init) for PID_Init
    main.o(i.main) refers to my_fft.o(i.fft_init) for fft_init
    main.o(i.main) refers to my_usart.o(i.my_printf) for my_printf
    main.o(i.main) refers to stm32f4xx_hal_adc.o(i.HAL_ADC_Start) for HAL_ADC_Start
    main.o(i.main) refers to stm32f4xx_hal_adc_ex.o(i.HAL_ADCEx_MultiModeStart_DMA) for HAL_ADCEx_MultiModeStart_DMA
    main.o(i.main) refers to stm32f4xx_hal_tim.o(i.HAL_TIM_Base_Start) for HAL_TIM_Base_Start
    main.o(i.main) refers to scheduler.o(i.scheduler_init) for scheduler_init
    main.o(i.main) refers to scheduler.o(i.scheduler_run) for scheduler_run
    main.o(i.main) refers to my_usart.o(.data) for rxTemp1
    main.o(i.main) refers to usart.o(.bss) for huart1
    main.o(i.main) refers to adc.o(.bss) for hadc2
    main.o(i.main) refers to stm_sig.o(.bss) for adc_buffer
    main.o(i.main) refers to tim.o(.bss) for htim2
    gpio.o(i.MX_GPIO_Init) refers to memseta.o(.text) for __aeabi_memclr4
    gpio.o(i.MX_GPIO_Init) refers to stm32f4xx_hal_gpio.o(i.HAL_GPIO_WritePin) for HAL_GPIO_WritePin
    gpio.o(i.MX_GPIO_Init) refers to stm32f4xx_hal_gpio.o(i.HAL_GPIO_Init) for HAL_GPIO_Init
    adc.o(i.HAL_ADC_MspDeInit) refers to stm32f4xx_hal_gpio.o(i.HAL_GPIO_DeInit) for HAL_GPIO_DeInit
    adc.o(i.HAL_ADC_MspDeInit) refers to stm32f4xx_hal_dma.o(i.HAL_DMA_DeInit) for HAL_DMA_DeInit
[...]
    i.MX_ADC1_Init                           0x08004640   Section        0  adc.o(i.MX_ADC1_Init)
    i.MX_ADC2_Init                           0x080046c4   Section        0  adc.o(i.MX_ADC2_Init)
    i.MX_DAC_Init                            0x08004718   Section        0  dac.o(i.MX_DAC_Init)
    i.MX_DMA_Init                            0x08004764   Section        0  dma.o(i.MX_DMA_Init)
    i.MX_FMC_Init                            0x08004790   Section        0  fmc.o(i.MX_FMC_Init)
    i.MX_GPIO_Init                           0x08004804   Section        0  gpio.o(i.MX_GPIO_Init)
    i.MX_TIM2_Init                           0x08004960   Section        0  tim.o(i.MX_TIM2_Init)
    i.MX_USART1_UART_Init                    0x080049c4   Section        0  usart.o(i.MX_USART1_UART_Init)
    i.MX_USART2_UART_Init                    0x080049fc   Section        0  usart.o(i.MX_USART2_UART_Init)
    i.MX_USART3_UART_Init                    0x08004a34   Section        0  usart.o(i.MX_USART3_UART_Init)
    i.MemManage_Handler                      0x08004a6c   Section        0  stm32f4xx_it.o(i.MemManage_Handler)
    i.NMI_Handler                            0x08004a6e   Section        0  stm32f4xx_it.o(i.NMI_Handler)
    i.PID_Init                               0x08004a74   Section        0  app_pid.o(i.PID_Init)
    i.ParseDataToVariables                   0x08004ac4   Section        0  my_usart_pack.o(i.ParseDataToVariables)
    ParseDataToVariables                     0x08004ac5   Thumb Code   142  my_usart_pack.o(i.ParseDataToVariables)
    i.ParseFrame                             0x08004b5c   Section        0  my_usart_pack.o(i.ParseFrame)
    i.PendSV_Handler                         0x08004b9e   Section        0  stm32f4xx_it.o(i.PendSV_Handler)
    i.SVC_Handler                            0x08004ba0   Section        0  stm32f4xx_it.o(i.SVC_Handler)
    i.SysTick_Handler                        0x08004ba2   Section        0  stm32f4xx_it.o(i.SysTick_Handler)
    i.SystemClock_Config                     0x08004ba8   Section        0  main.o(i.SystemClock_Config)
    i.SystemInit                             0x08004c48   Section        0  system_stm32f4xx.o(i.SystemInit)
    i.TIM_Base_SetConfig                     0x08004c58   Section        0  stm32f4xx_hal_tim.o(i.TIM_Base_SetConfig)
    i.TIM_ETR_SetConfig                      0x08004d24   Section        0  stm32f4xx_hal_tim.o(i.TIM_ETR_SetConfig)
    i.TIM_ITRx_SetConfig                     0x08004d3a   Section        0  stm32f4xx_hal_tim.o(i.TIM_ITRx_SetConfig)
    TIM_ITRx_SetConfig                       0x08004d3b   Thumb Code    16  stm32f4xx_hal_tim.o(i.TIM_ITRx_SetConfig)
    i.TIM_TI1_ConfigInputStage               0x08004d4a   Section        0  stm32f4xx_hal_tim.o(i.TIM_TI1_ConfigInputStage)
    TIM_TI1_ConfigInputStage                 0x08004d4b   Thumb Code    38  stm32f4xx_hal_tim.o(i.TIM_TI1_ConfigInputStage)
    i.TIM_TI2_ConfigInputStage               0x08004d70   Section        0  stm32f4xx_hal_tim.o(i.TIM_TI2_ConfigInputStage)
    TIM_TI2_ConfigInputStage                 0x08004d71   Thumb Code    36  stm32f4xx_hal_tim.o(i.TIM_TI2_ConfigInputStage)
    i.UART_DMAAbortOnError                   0x08004d94   Section        0  stm32f4xx_hal_uart.o(i.UART_DMAAbortOnError)
    UART_DMAAbortOnError                     0x08004d95   Thumb Code    16  stm32f4xx_hal_uart.o(i.UART_DMAAbortOnError)
    i.UART_EndRxTransfer                     0x08004da4   Section        0  stm32f4xx_hal_uart.o(i.UART_EndRxTransfer)
    UART_EndRxTransfer                       0x08004da5   Thumb Code    78  stm32f4xx_hal_uart.o(i.UART_EndRxTransfer)
    i.UART_EndTransmit_IT                    0x08004df2   Section        0  stm32f4xx_hal_uart.o(i.UART_EndTransmit_IT)
    UART_EndTransmit_IT                      0x08004df3   Thumb Code    26  stm32f4xx_hal_uart.o(i.UART_EndTransmit_IT)
    i.UART_Receive_IT                        0x08004e0c   Section        0  stm32f4xx_hal_uart.o(i.UART_Receive_IT)
    UART_Receive_IT                          0x08004e0d   Thumb Code   200  stm32f4xx_hal_uart.o(i.UART_Receive_IT)
    i.UART_SetConfig                         0x08004ed4   Section        0  stm32f4xx_hal_uart.o(i.UART_SetConfig)
    UART_SetConfig                           0x08004ed5   Thumb Code   248  stm32f4xx_hal_uart.o(i.UART_SetConfig)
    i.UART_Start_Receive_IT                  0x08004fd0   Section        0  stm32f4xx_hal_uart.o(i.UART_Start_Receive_IT)
    i.UART_Transmit_IT                       0x08005006   Section        0  stm32f4xx_hal_uart.o(i.UART_Transmit_IT)
    UART_Transmit_IT                         0x08005007   Thumb Code    94  stm32f4xx_hal_uart.o(i.UART_Transmit_IT)
    i.UART_WaitOnFlagUntilTimeout            0x08005064   Section        0  stm32f4xx_hal_uart.o(i.UART_WaitOnFlagUntilTimeout)
    UART_WaitOnFlagUntilTimeout              0x08005065   Thumb Code   140  stm32f4xx_hal_uart.o(i.UART_WaitOnFlagUntilTimeout)
    i.USART1_IRQHandler                      0x080050f0   Section        0  stm32f4xx_it.o(i.USART1_IRQHandler)
    i.USART2_IRQHandler                      0x080050fc   Section        0  stm32f4xx_it.o(i.USART2_IRQHandler)
    i.USART3_IRQHandler                      0x08005108   Section        0  stm32f4xx_it.o(i.USART3_IRQHandler)
    i.UsageFault_Handler                     0x08005114   Section        0  stm32f4xx_it.o(i.UsageFault_Handler)
    i.__0vsnprintf                           0x08005118   Section        0  printfa.o(i.__0vsnprintf)
    i.__ARM_fpclassifyf                      0x08005144   Section        0  fpclassifyf.o(i.__ARM_fpclassifyf)
    i.__hardfp_atan2f                        0x0800516c   Section        0  atan2f.o(i.__hardfp_atan2f)
    i.__hardfp_fmaxf                         0x080053bc   Section        0  fmaxf.o(i.__hardfp_fmaxf)
    i.__hardfp_fminf                         0x08005404   Section        0  fminf.o(i.__hardfp_fminf)
    i.__hardfp_roundf                        0x0800544c   Section        0  roundf.o(i.__hardfp_roundf)
    i.__hardfp_sqrtf                         0x080054e6   Section        0  sqrtf.o(i.__hardfp_sqrtf)
    i.__mathlib_flt_infnan2                  0x08005520   Section        0  funder.o(i.__mathlib_flt_infnan2)
    i.__mathlib_flt_underflow                0x08005528   Section        0  funder.o(i.__mathlib_flt_underflow)
    i.__scatterload_copy                     0x08005538   Section       14  handlers.o(i.__scatterload_copy)
    i.__scatterload_null                     0x08005546   Section        2  handlers.o(i.__scatterload_null)
    i.__scatterload_zeroinit                 0x08005548   Section       14  handlers.o(i.__scatterload_zeroinit)
    i.__set_errno                            0x08005558   Section        0  errno.o(i.__set_errno)
    i._fp_digits                             0x08005564   Section        0  printfa.o(i._fp_digits)
    _fp_digits                               0x08005565   Thumb Code   366  printfa.o(i._fp_digits)
    i._printf_core                           0x080056e8   Section        0  printfa.o(i._printf_core)
    _printf_core                             0x080056e9   Thumb Code  1744  printfa.o(i._printf_core)
    i._printf_post_padding                   0x08005dc4   Section        0  printfa.o(i._printf_post_padding)
    _printf_post_padding                     0x08005dc5   Thumb Code    36  printfa.o(i._printf_post_padding)
    i._printf_pre_padding                    0x08005de8   Section        0  printfa.o(i._printf_pre_padding)
    _printf_pre_padding                      0x08005de9   Thumb Code    46  printfa.o(i._printf_pre_padding)
    i._snputc                                0x08005e16   Section        0  printfa.o(i._snputc)
    _snputc                                  0x08005e17   Thumb Code    22  printfa.o(i._snputc)
    i.ad_proc                                0x08005e2c   Section        0  ad_measure.o(i.ad_proc)
    i.calculate_fft_spectrum                 0x08005e3c   Section        0  my_fft.o(i.calculate_fft_spectrum)
    i.calculate_precise_frequency            0x08005f08   Section        0  my_fft.o(i.calculate_precise_frequency)
    i.configure_da_output_from_peaks         0x08005fa8   Section        0  my_fft.o(i.configure_da_output_from_peaks)
    i.fft_init                               0x080060e0   Section        0  my_fft.o(i.fft_init)
    i.findMinMax                             0x080060fc   Section        0  ad_measure.o(i.findMinMax)
    i.find_dual_peaks                        0x0800612c   Section        0  my_fft.o(i.find_dual_peaks)
    i.find_spectrum_peaks                    0x080061cc   Section        0  my_fft.o(i.find_spectrum_peaks)
    i.generate_hanning_window                0x0800631c   Section        0  my_fft.o(i.generate_hanning_window)
    i.get_current_ad_frequency               0x0800637c   Section        0  key_app.o(i.get_current_ad_frequency)
    i.key_proc                               0x08006388   Section        0  key_app.o(i.key_proc)
    i.key_read                               0x080064c8   Section        0  key_app.o(i.key_read)
    i.main                                   0x0800650c   Section        0  main.o(i.main)
    i.my_printf                              0x080065cc   Section        0  my_usart.o(i.my_printf)
    i.output_dual_peaks_info                 0x08006600   Section        0  my_fft.o(i.output_dual_peaks_info)
    i.perform_dual_peak_analysis             0x08006744   Section        0  my_fft.o(i.perform_dual_peak_analysis)
    i.readFIFOData                           0x08006790   Section        0  ad_measure.o(i.readFIFOData)
    i.round_to_nearest_k                     0x0800680c   Section        0  my_fft.o(i.round_to_nearest_k)
    i.scheduler_init                         0x08006830   Section        0  scheduler.o(i.scheduler_init)
    i.scheduler_run                          0x0800683c   Section        0  scheduler.o(i.scheduler_run)
    i.setSamplingFrequency                   0x08006878   Section        0  ad_measure.o(i.setSamplingFrequency)
    i.stm32_adc_fft                          0x08006914   Section        0  stm_sig.o(i.stm32_adc_fft)
    i.stm32_adc_proc                         0x08006ad8   Section        0  stm_sig.o(i.stm32_adc_proc)
    i.stm32_adc_restart                      0x08006b40   Section        0  stm_sig.o(i.stm32_adc_restart)
    i.stm32_fft_phasedifferance_calculate    0x08006bb0   Section        0  stm_sig.o(i.stm32_fft_phasedifferance_calculate)
    i.track_pid_update                       0x08006c74   Section        0  stm_sig.o(i.track_pid_update)
    i.vpp_adc_parallel                       0x08006ccc   Section        0  ad_measure.o(i.vpp_adc_parallel)
    i.window                                 0x08006de8   Section        0  stm_sig.o(i.window)
    .constdata                               0x08006eb4   Section        8  stm32f4xx_hal_dma.o(.constdata)
    flagBitshiftOffset                       0x08006eb4   Data           8  stm32f4xx_hal_dma.o(.constdata)
    .constdata                               0x08006ebc   Section       16  system_stm32f4xx.o(.constdata)
    .constdata                               0x08006ecc   Section        8  system_stm32f4xx.o(.constdata)
    .data                                    0x20000000   Section        8  fmc.o(.data)
    FMC_Initialized                          0x20000000   Data           4  fmc.o(.data)
    FMC_DeInitialized                        0x20000004   Data           4  fmc.o(.data)
    .data                                    0x20000008   Section       16  ad_measure.o(.data)
    .data                                    0x20000018   Section       33  ad9959.o(.data)
    .data                                    0x20000039   Section        1  ad9959.o(.data)
    .data                                    0x2000003c   Section        4  ad9959.o(.data)
    .data                                    0x20000040   Section        4  ad9959.o(.data)
    .data                                    0x20000044   Section       12  key_app.o(.data)
    current_waveform                         0x20000048   Data           1  key_app.o(.data)
    current_phase                            0x2000004a   Data           2  key_app.o(.data)
    current_ad_freq                          0x2000004c   Data           4  key_app.o(.data)
    .data                                    0x20000050   Section       16  my_fft.o(.data)
    .data                                    0x20000060   Section       14  my_usart.o(.data)
    .data                                    0x2000006e   Section        2  my_usart_pack.o(.data)
    variableCount                            0x2000006e   Data           2  my_usart_pack.o(.data)
    .data                                    0x20000070   Section       40  scheduler.o(.data)
    scheduler_task                           0x20000074   Data          36  scheduler.o(.data)
    .data                                    0x20000098   Section       44  stm_sig.o(.data)
    .data                                    0x200000c4   Section       12  stm32f4xx_hal.o(.data)
    .data                                    0x200000d0   Section        4  system_stm32f4xx.o(.data)
    .data                                    0x200000d4   Section        4  errno.o(.data)
    _errno                                   0x200000d4   Data           4  errno.o(.data)
    .bss                                     0x200000d8   Section      240  adc.o(.bss)
    .bss                                     0x200001c8   Section       20  dac.o(.bss)
    .bss                                     0x200001dc   Section       80  fmc.o(.bss)
    .bss                                     0x2000022c   Section       72  tim.o(.bss)
    .bss                                     0x20000274   Section      204  usart.o(.bss)
    .bss                                     0x20000340   Section    12288  ad_measure.o(.bss)
    .bss                                     0x20003340   Section       24  da_output.o(.bss)
    .bss                                     0x20003358   Section    16444  my_fft.o(.bss)
    .bss                                     0x20007394   Section      384  my_usart.o(.bss)
    .bss                                     0x20007514   Section       52  my_usart_pack.o(.bss)
    parseTemplate                            0x20007514   Data          10  my_usart_pack.o(.bss)
    variableMapping                          0x20007520   Data          40  my_usart_pack.o(.bss)
    .bss                                     0x20007548   Section       36  app_pid.o(.bss)
    .bss                                     0x2000756c   Section    36864  stm_sig.o(.bss)
    STACK                                    0x20010570   Section     1024  startup_stm32f429xx.o(STACK)

    Global Symbols

    Symbol Name                              Value     Ov Type        Size  Object(Section)

    BuildAttributes$$THM_ISAv4$E$P$D$K$B$S$7EM$VFPi3$EXTD16$VFPS$VFMA$PE$A:L22UL41UL21$X:L11$S22US41US21$IEEE1$IW$USESV6$~STKCKD$USESV7$~SHL$OTIME$ROPI$IEEEX$EBA8$MICROLIB$REQ8$PRES8$EABIv2 0x00000000   Number         0  anon$$obj.o ABSOLUTE
    __ARM_use_no_argv                        0x00000000   Number         0  main.o ABSOLUTE
    __cpp_initialize__aeabi_                  - Undefined Weak Reference
    __cxa_finalize                            - Undefined Weak Reference
    __decompress                              - Undefined Weak Reference
    _clock_init                               - Undefined Weak Reference
    _microlib_exit                            - Undefined Weak Reference
    __Vectors_Size                           0x000001ac   Number         0  startup_stm32f429xx.o ABSOLUTE
    __Vectors                                0x08000000   Data           4  startup_stm32f429xx.o(RESET)
    __Vectors_End                            0x080001ac   Data           0  startup_stm32f429xx.o(RESET)
    __main                                   0x080001ad   Thumb Code     0  entry.o(.ARM.Collect$$$$00000000)
    _main_stk                                0x080001ad   Thumb Code     0  entry2.o(.ARM.Collect$$$$00000001)
    _main_scatterload                        0x080001b1   Thumb Code     0  entry5.o(.ARM.Collect$$$$00000004)
    __main_after_scatterload                 0x080001b5   Thumb Code     0  entry5.o(.ARM.Collect$$$$00000004)
    _main_clock                              0x080001b5   Thumb Code     0  entry7b.o(.ARM.Collect$$$$00000008)
    _main_cpp_init                           0x080001b5   Thumb Code     0  entry8b.o(.ARM.Collect$$$$0000000A)
    _main_init                               0x080001b5   Thumb Code     0  entry9a.o(.ARM.Collect$$$$0000000B)
    __rt_final_cpp                           0x080001bd   Thumb Code     0  entry10a.o(.ARM.Collect$$$$0000000D)
    __rt_final_exit                          0x080001bd   Thumb Code     0  entry11a.o(.ARM.Collect$$$$0000000F)
    Reset_Handler                            0x080001c1   Thumb Code     8  startup_stm32f429xx.o(.text)
    ADC_IRQHandler                           0x080001db   Thumb Code     0  startup_stm32f429xx.o(.text)
    CAN1_RX0_IRQHandler                      0x080001db   Thumb Code     0  startup_stm32f429xx.o(.text)
    CAN1_RX1_IRQHandler                      0x080001db   Thumb Code     0  startup_stm32f429xx.o(.text)
    CAN1_SCE_IRQHandler                      0x080001db   Thumb Code     0  startup_stm32f429xx.o(.text)
    CAN1_TX_IRQHandler                       0x080001db   Thumb Code     0  startup_stm32f429xx.o(.text)
    CAN2_RX0_IRQHandler                      0x080001db   Thumb Code     0  startup_stm32f429xx.o(.text)
    CAN2_RX1_IRQHandler                      0x080001db   Thumb Code     0  startup_stm32f429xx.o(.text)
    CAN2_SCE_IRQHandler                      0x080001db   Thumb Code     0  startup_stm32f429xx.o(.text)
    CAN2_TX_IRQHandler                       0x080001db   Thumb Code     0  startup_stm32f429xx.o(.text)
    DCMI_IRQHandler                          0x080001db   Thumb Code     0  startup_stm32f429xx.o(.text)
    DMA1_Stream0_IRQHandler                  0x080001db   Thumb Code     0  startup_stm32f429xx.o(.text)
    DMA1_Stream1_IRQHandler                  0x080001db   Thumb Code     0  startup_stm32f429xx.o(.text)
    DMA1_Stream2_IRQHandler                  0x080001db   Thumb Code     0  startup_stm32f429xx.o(.text)
    DMA1_Stream3_IRQHandler                  0x080001db   Thumb Code     0  startup_stm32f429xx.o(.text)
    DMA1_Stream4_IRQHandler                  0x080001db   Thumb Code     0  startup_stm32f429xx.o(.text)
    DMA1_Stream5_IRQHandler                  0x080001db   Thumb Code     0  startup_stm32f429xx.o(.text)
    DMA1_Stream6_IRQHandler                  0x080001db   Thumb Code     0  startup_stm32f429xx.o(.text)
    DMA1_Stream7_IRQHandler                  0x080001db   Thumb Code     0  startup_stm32f429xx.o(.text)
    DMA2D_IRQHandler                         0x080001db   Thumb Code     0  startup_stm32f429xx.o(.text)
    DMA2_Stream1_IRQHandler                  0x080001db   Thumb Code     0  startup_stm32f429xx.o(.text)
    DMA2_Stream2_IRQHandler                  0x080001db   Thumb Code     0  startup_stm32f429xx.o(.text)
    DMA2_Stream3_IRQHandler                  0x080001db   Thumb Code     0  startup_stm32f429xx.o(.text)
    DMA2_Stream4_IRQHandler                  0x080001db   Thumb Code     0  startup_stm32f429xx.o(.text)
    DMA2_Stream5_IRQHandler                  0x080001db   Thumb Code     0  startup_stm32f429xx.o(.text)
    DMA2_Stream6_IRQHandler                  0x080001db   Thumb Code     0  startup_stm32f429xx.o(.text)
    DMA2_Stream7_IRQHandler                  0x080001db   Thumb Code     0  startup_stm32f429xx.o(.text)
    ETH_IRQHandler                           0x080001db   Thumb Code     0  startup_stm32f429xx.o(.text)
    ETH_WKUP_IRQHandler                      0x080001db   Thumb Code     0  startup_stm32f429xx.o(.text)
    EXTI0_IRQHandler                         0x080001db   Thumb Code     0  startup_stm32f429xx.o(.text)
    EXTI15_10_IRQHandler                     0x080001db   Thumb Code     0  startup_stm32f429xx.o(.text)
    EXTI1_IRQHandler                         0x080001db   Thumb Code     0  startup_stm32f429xx.o(.text)
    EXTI2_IRQHandler                         0x080001db   Thumb Code     0  startup_stm32f429xx.o(.text)
    EXTI3_IRQHandler                         0x080001db   Thumb Code     0  startup_stm32f429xx.o(.text)
    EXTI4_IRQHandler                         0x080001db   Thumb Code     0  startup_stm32f429xx.o(.text)
    EXTI9_5_IRQHandler                       0x080001db   Thumb Code     0  startup_stm32f429xx.o(.text)
    FLASH_IRQHandler                         0x080001db   Thumb Code     0  startup_stm32f429xx.o(.text)
    FMC_IRQHandler                           0x080001db   Thumb Code     0  startup_stm32f429xx.o(.text)
    FPU_IRQHandler                           0x080001db   Thumb Code     0  startup_stm32f429xx.o(.text)
    HASH_RNG_IRQHandler                      0x080001db   Thumb Code     0  startup_stm32f429xx.o(.text)
    I2C1_ER_IRQHandler                       0x080001db   Thumb Code     0  startup_stm32f429xx.o(.text)
    I2C1_EV_IRQHandler                       0x080001db   Thumb Code     0  startup_stm32f429xx.o(.text)
    I2C2_ER_IRQHandler                       0x080001db   Thumb Code     0  startup_stm32f429xx.o(.text)
    I2C2_EV_IRQHandler                       0x080001db   Thumb Code     0  startup_stm32f429xx.o(.text)
    I2C3_ER_IRQHandler                       0x080001db   Thumb Code     0  startup_stm32f429xx.o(.text)
    I2C3_EV_IRQHandler                       0x080001db   Thumb Code     0  startup_stm32f429xx.o(.text)
    LTDC_ER_IRQHandler                       0x080001db   Thumb Code     0  startup_stm32f429xx.o(.text)
    LTDC_IRQHandler                          0x080001db   Thumb Code     0  startup_stm32f429xx.o(.text)
    OTG_FS_IRQHandler                        0x080001db   Thumb Code     0  startup_stm32f429xx.o(.text)
    OTG_FS_WKUP_IRQHandler                   0x080001db   Thumb Code     0  startup_stm32f429xx.o(.text)
    OTG_HS_EP1_IN_IRQHandler                 0x080001db   Thumb Code     0  startup_stm32f429xx.o(.text)
    OTG_HS_EP1_OUT_IRQHandler                0x080001db   Thumb Code     0  startup_stm32f429xx.o(.text)
    OTG_HS_IRQHandler                        0x080001db   Thumb Code     0  startup_stm32f429xx.o(.text)
    OTG_HS_WKUP_IRQHandler                   0x080001db   Thumb Code     0  startup_stm32f429xx.o(.text)
    PVD_IRQHandler                           0x080001db   Thumb Code     0  startup_stm32f429xx.o(.text)
    RCC_IRQHandler                           0x080001db   Thumb Code     0  startup_stm32f429xx.o(.text)
    RTC_Alarm_IRQHandler                     0x080001db   Thumb Code     0  startup_stm32f429xx.o(.text)
    RTC_WKUP_IRQHandler                      0x080001db   Thumb Code     0  startup_stm32f429xx.o(.text)
    SAI1_IRQHandler                          0x080001db   Thumb Code     0  startup_stm32f429xx.o(.text)
    SDIO_IRQHandler                          0x080001db   Thumb Code     0  startup_stm32f429xx.o(.text)
    SPI1_IRQHandler                          0x080001db   Thumb Code     0  startup_stm32f429xx.o(.text)
    SPI2_IRQHandler                          0x080001db   Thumb Code     0  startup_stm32f429xx.o(.text)
    SPI3_IRQHandler                          0x080001db   Thumb Code     0  startup_stm32f429xx.o(.text)
    SPI4_IRQHandler                          0x080001db   Thumb Code     0  startup_stm32f429xx.o(.text)
    SPI5_IRQHandler                          0x080001db   Thumb Code     0  startup_stm32f429xx.o(.text)
    SPI6_IRQHandler                          0x080001db   Thumb Code     0  startup_stm32f429xx.o(.text)
    TAMP_STAMP_IRQHandler                    0x080001db   Thumb Code     0  startup_stm32f429xx.o(.text)
    TIM1_BRK_TIM9_IRQHandler                 0x080001db   Thumb Code     0  startup_stm32f429xx.o(.text)
    TIM1_CC_IRQHandler                       0x080001db   Thumb Code     0  startup_stm32f429xx.o(.text)
    TIM1_TRG_COM_TIM11_IRQHandler            0x080001db   Thumb Code     0  startup_stm32f429xx.o(.text)
    TIM1_UP_TIM10_IRQHandler                 0x080001db   Thumb Code     0  startup_stm32f429xx.o(.text)
    TIM2_IRQHandler                          0x080001db   Thumb Code     0  startup_stm32f429xx.o(.text)
    TIM3_IRQHandler                          0x080001db   Thumb Code     0  startup_stm32f429xx.o(.text)
    TIM4_IRQHandler                          0x080001db   Thumb Code     0  startup_stm32f429xx.o(.text)
    TIM5_IRQHandler                          0x080001db   Thumb Code     0  startup_stm32f429xx.o(.text)
    TIM6_DAC_IRQHandler                      0x080001db   Thumb Code     0  startup_stm32f429xx.o(.text)
    TIM7_IRQHandler                          0x080001db   Thumb Code     0  startup_stm32f429xx.o(.text)
    TIM8_BRK_TIM12_IRQHandler                0x080001db   Thumb Code     0  startup_stm32f429xx.o(.text)
    TIM8_CC_IRQHandler                       0x080001db   Thumb Code     0  startup_stm32f429xx.o(.text)
    TIM8_TRG_COM_TIM14_IRQHandler            0x080001db   Thumb Code     0  startup_stm32f429xx.o(.text)
    TIM8_UP_TIM13_IRQHandler                 0x080001db   Thumb Code     0  startup_stm32f429xx.o(.text)
    UART4_IRQHandler                         0x080001db   Thumb Code     0  startup_stm32f429xx.o(.text)
    UART5_IRQHandler                         0x080001db   Thumb Code     0  startup_stm32f429xx.o(.text)
    UART7_IRQHandler                         0x080001db   Thumb Code     0  startup_stm32f429xx.o(.text)
    UART8_IRQHandler                         0x080001db   Thumb Code     0  startup_stm32f429xx.o(.text)
    USART6_IRQHandler                        0x080001db   Thumb Code     0  startup_stm32f429xx.o(.text)
    WWDG_IRQHandler                          0x080001db   Thumb Code     0  startup_stm32f429xx.o(.text)
    __aeabi_uldivmod                         0x080001e5   Thumb Code    98  uldiv.o(.text)
    __aeabi_memcpy                           0x08000247   Thumb Code    36  memcpya.o(.text)
    __aeabi_memcpy4                          0x08000247   Thumb Code     0  memcpya.o(.text)
    __aeabi_memcpy8                          0x08000247   Thumb Code     0  memcpya.o(.text)
    __aeabi_memset                           0x0800026b   Thumb Code    14  memseta.o(.text)
    __aeabi_memset4                          0x0800026b   Thumb Code     0  memseta.o(.text)
    __aeabi_memset8                          0x0800026b   Thumb Code     0  memseta.o(.text)
    __aeabi_memclr                           0x08000279   Thumb Code     4  memseta.o(.text)
    __aeabi_memclr4                          0x08000279   Thumb Code     0  memseta.o(.text)
    __aeabi_memclr8                          0x08000279   Thumb Code     0  memseta.o(.text)
    _memset$wrapper                          0x0800027d   Thumb Code    18  memseta.o(.text)
    __aeabi_dmul                             0x0800028f   Thumb Code   228  dmul.o(.text)
    __aeabi_ddiv                             0x08000373   Thumb Code   222  ddiv.o(.text)
    __aeabi_ui2d                             0x08000451   Thumb Code    26  dfltui.o(.text)
    __aeabi_f2d                              0x0800046b   Thumb Code    38  f2d.o(.text)
    __aeabi_d2f                              0x08000491   Thumb Code    56  d2f.o(.text)
    __aeabi_uidiv                            0x080004c9   Thumb Code     0  uidiv.o(.text)
    __aeabi_uidivmod                         0x080004c9   Thumb Code    44  uidiv.o(.text)
    __aeabi_llsl                             0x080004f5   Thumb Code    30  llshl.o(.text)
    _ll_shift_l                              0x080004f5   Thumb Code     0  llshl.o(.text)
    __aeabi_llsr                             0x08000513   Thumb Code    32  llushr.o(.text)
    _ll_ushift_r                             0x08000513   Thumb Code     0  llushr.o(.text)
    __I$use$fp                               0x08000533   Thumb Code     0  iusefp.o(.text)
    _float_round                             0x08000533   Thumb Code    18  fepilogue.o(.text)
    _float_epilogue                          0x08000545   Thumb Code    92  fepilogue.o(.text)
    _frnd                                    0x080005a1   Thumb Code    60  frnd.o(.text)
    _double_round                            0x080005dd   Thumb Code    30  depilogue.o(.text)
    _double_epilogue                         0x080005fb   Thumb Code   156  depilogue.o(.text)
    __aeabi_dadd                             0x08000697   Thumb Code   322  dadd.o(.text)
    __aeabi_dsub                             0x080007d9   Thumb Code     6  dadd.o(.text)
    __aeabi_drsub                            0x080007df   Thumb Code     6  dadd.o(.text)
    __aeabi_d2ulz                            0x080007e5   Thumb Code    48  dfixul.o(.text)
    __aeabi_cdrcmple                         0x08000815   Thumb Code    48  cdrcmple.o(.text)
    __ARM_fcmp4                              0x08000845   Thumb Code    54  fcmp4.o(.text)
    _fcmp4                                   0x08000845   Thumb Code     0  fcmp4.o(.text)
    __scatterload                            0x0800087d   Thumb Code    28  init.o(.text)
    __scatterload_rt2                        0x0800087d   Thumb Code     0  init.o(.text)
    __aeabi_lasr                             0x080008a1   Thumb Code    36  llsshr.o(.text)
    _ll_sshift_r                             0x080008a1   Thumb Code     0  llsshr.o(.text)
    arm_bitreversal_32                       0x080008c5   Thumb Code    68  arm_bitreversal2.o(.text.arm_bitreversal_32)
    arm_bitreversal_f32                      0x08000909   Thumb Code   190  arm_bitreversal.o(.text.arm_bitreversal_f32)
    arm_cfft_f32                             0x080009c9   Thumb Code   224  arm_cfft_f32.o(.text.arm_cfft_f32)
    arm_cfft_radix4_f32                      0x08000aa9   Thumb Code    64  arm_cfft_radix4_f32.o(.text.arm_cfft_radix4_f32)
    arm_cfft_radix4_init_f32                 0x08000ae9   Thumb Code   148  arm_cfft_radix4_init_f32.o(.text.arm_cfft_radix4_init_f32)
    arm_cfft_radix8by2_f32                   0x08000b7d   Thumb Code   408  arm_cfft_f32.o(.text.arm_cfft_radix8by2_f32)
    arm_cfft_radix8by4_f32                   0x08000d15   Thumb Code  1020  arm_cfft_f32.o(.text.arm_cfft_radix8by4_f32)
    arm_cmplx_mag_f32                        0x08001111   Thumb Code   340  arm_cmplx_mag_f32.o(.text.arm_cmplx_mag_f32)
    arm_cos_f32                              0x08001265   Thumb Code   152  arm_cos_f32.o(.text.arm_cos_f32)
    arm_radix4_butterfly_f32                 0x080012fd   Thumb Code   858  arm_cfft_radix4_f32.o(.text.arm_radix4_butterfly_f32)
    arm_radix4_butterfly_inverse_f32         0x08001659   Thumb Code   890  arm_cfft_radix4_f32.o(.text.arm_radix4_butterfly_inverse_f32)
    arm_radix8_butterfly_f32                 0x080019d5   Thumb Code  1458  arm_cfft_radix8_f32.o(.text.arm_radix8_butterfly_f32)
    AD_FIFO_READ_DISABLE                     0x0800212f   Thumb Code    30  cmd_to_fun.o(i.AD_FIFO_READ_DISABLE)
    AD_FIFO_READ_ENABLE                      0x0800214d   Thumb Code    30  cmd_to_fun.o(i.AD_FIFO_READ_ENABLE)
    AD_FIFO_WRITE_DISABLE                    0x0800216b   Thumb Code    30  cmd_to_fun.o(i.AD_FIFO_WRITE_DISABLE)
    AD_FIFO_WRITE_ENABLE                     0x08002189   Thumb Code    42  cmd_to_fun.o(i.AD_FIFO_WRITE_ENABLE)
    AD_FREQ_SET                              0x080021b3   Thumb Code    42  cmd_to_fun.o(i.AD_FREQ_SET)
    BusFault_Handler                         0x080021dd   Thumb Code     2  stm32f4xx_it.o(i.BusFault_Handler)
    CTRL_INIT                                0x080021df   Thumb Code    10  cmd_to_fun.o(i.CTRL_INIT)
    DA_Apply_Settings                        0x080021e9   Thumb Code   198  da_output.o(i.DA_Apply_Settings)
    DA_FPGA_START                            0x080022c5   Thumb Code    14  cmd_to_fun.o(i.DA_FPGA_START)
    DA_FPGA_STOP                             0x080022d3   Thumb Code    14  cmd_to_fun.o(i.DA_FPGA_STOP)
    DA_Init                                  0x080022e1   Thumb Code    50  da_output.o(i.DA_Init)
    DA_SetConfig                             0x08002319   Thumb Code    28  da_output.o(i.DA_SetConfig)
    DMA2_Stream0_IRQHandler                  0x08002339   Thumb Code    16  stm32f4xx_it.o(i.DMA2_Stream0_IRQHandler)
    DebugMon_Handler                         0x0800243b   Thumb Code     2  stm32f4xx_it.o(i.DebugMon_Handler)
    Error_Handler                            0x0800243d   Thumb Code     4  main.o(i.Error_Handler)
    FMC_NORSRAM_Extended_Timing_Init         0x08002441   Thumb Code    72  stm32f4xx_ll_fmc.o(i.FMC_NORSRAM_Extended_Timing_Init)
    FMC_NORSRAM_Init                         0x0800248d   Thumb Code   108  stm32f4xx_ll_fmc.o(i.FMC_NORSRAM_Init)
    FMC_NORSRAM_Timing_Init                  0x080024fd   Thumb Code    96  stm32f4xx_ll_fmc.o(i.FMC_NORSRAM_Timing_Init)
    FindFundamentalFrequencyBin              0x0800255d   Thumb Code    50  stm_sig.o(i.FindFundamentalFrequencyBin)
    HAL_ADCEx_MultiModeConfigChannel         0x08002595   Thumb Code    86  stm32f4xx_hal_adc_ex.o(i.HAL_ADCEx_MultiModeConfigChannel)
    HAL_ADCEx_MultiModeStart_DMA             0x080025f1   Thumb Code   276  stm32f4xx_hal_adc_ex.o(i.HAL_ADCEx_MultiModeStart_DMA)
    HAL_ADCEx_MultiModeStop_DMA              0x08002721   Thumb Code    96  stm32f4xx_hal_adc_ex.o(i.HAL_ADCEx_MultiModeStop_DMA)
    HAL_ADC_ConfigChannel                    0x08002785   Thumb Code   374  stm32f4xx_hal_adc.o(i.HAL_ADC_ConfigChannel)
    HAL_ADC_ConvCpltCallback                 0x08002911   Thumb Code     2  stm32f4xx_hal_adc.o(i.HAL_ADC_ConvCpltCallback)
    HAL_ADC_ConvHalfCpltCallback             0x08002913   Thumb Code     2  stm32f4xx_hal_adc.o(i.HAL_ADC_ConvHalfCpltCallback)
    HAL_ADC_ErrorCallback                    0x08002915   Thumb Code     2  stm32f4xx_hal_adc.o(i.HAL_ADC_ErrorCallback)
    HAL_ADC_Init                             0x08002917   Thumb Code    86  stm32f4xx_hal_adc.o(i.HAL_ADC_Init)
    HAL_ADC_MspInit                          0x0800296d   Thumb Code   184  adc.o(i.HAL_ADC_MspInit)
    HAL_ADC_Start                            0x08002a3d   Thumb Code   276  stm32f4xx_hal_adc.o(i.HAL_ADC_Start)
    HAL_DAC_ConfigChannel                    0x08002b65   Thumb Code    86  stm32f4xx_hal_dac.o(i.HAL_DAC_ConfigChannel)
    HAL_DAC_Init                             0x08002bbb   Thumb Code    42  stm32f4xx_hal_dac.o(i.HAL_DAC_Init)
    HAL_DAC_MspInit                          0x08002be5   Thumb Code    84  dac.o(i.HAL_DAC_MspInit)
    HAL_DMA_Abort                            0x08002c45   Thumb Code   162  stm32f4xx_hal_dma.o(i.HAL_DMA_Abort)
    HAL_DMA_Abort_IT                         0x08002ce7   Thumb Code    36  stm32f4xx_hal_dma.o(i.HAL_DMA_Abort_IT)
    HAL_DMA_IRQHandler                       0x08002d0d   Thumb Code   488  stm32f4xx_hal_dma.o(i.HAL_DMA_IRQHandler)
    HAL_DMA_Init                             0x08002ef9   Thumb Code   230  stm32f4xx_hal_dma.o(i.HAL_DMA_Init)
    HAL_DMA_Start_IT                         0x08002fe5   Thumb Code   112  stm32f4xx_hal_dma.o(i.HAL_DMA_Start_IT)
    HAL_Delay                                0x08003055   Thumb Code    34  stm32f4xx_hal.o(i.HAL_Delay)
    HAL_GPIO_Init                            0x08003121   Thumb Code   564  stm32f4xx_hal_gpio.o(i.HAL_GPIO_Init)
    HAL_GPIO_ReadPin                         0x0800336d   Thumb Code    14  stm32f4xx_hal_gpio.o(i.HAL_GPIO_ReadPin)
    HAL_GPIO_WritePin                        0x0800337b   Thumb Code    14  stm32f4xx_hal_gpio.o(i.HAL_GPIO_WritePin)
    HAL_GetTick                              0x08003389   Thumb Code     6  stm32f4xx_hal.o(i.HAL_GetTick)
    HAL_IncTick                              0x08003395   Thumb Code    12  stm32f4xx_hal.o(i.HAL_IncTick)
    HAL_Init                                 0x080033a5   Thumb Code    48  stm32f4xx_hal.o(i.HAL_Init)
    HAL_InitTick                             0x080033d9   Thumb Code    58  stm32f4xx_hal.o(i.HAL_InitTick)
    HAL_MspInit                              0x0800341d   Thumb Code    42  stm32f4xx_hal_msp.o(i.HAL_MspInit)
    HAL_NVIC_EnableIRQ                       0x0800344d   Thumb Code    28  stm32f4xx_hal_cortex.o(i.HAL_NVIC_EnableIRQ)
    HAL_NVIC_SetPriority                     0x08003469   Thumb Code    98  stm32f4xx_hal_cortex.o(i.HAL_NVIC_SetPriority)
    HAL_NVIC_SetPriorityGrouping             0x080034d1   Thumb Code    30  stm32f4xx_hal_cortex.o(i.HAL_NVIC_SetPriorityGrouping)
    HAL_PWREx_EnableOverDrive                0x080034f5   Thumb Code   110  stm32f4xx_hal_pwr_ex.o(i.HAL_PWREx_EnableOverDrive)
    HAL_RCC_CSSCallback                      0x08003571   Thumb Code     2  stm32f4xx_hal_rcc.o(i.HAL_RCC_CSSCallback)
    HAL_RCC_ClockConfig                      0x08003575   Thumb Code   354  stm32f4xx_hal_rcc.o(i.HAL_RCC_ClockConfig)
    HAL_RCC_EnableCSS                        0x080036f1   Thumb Code     8  stm32f4xx_hal_rcc.o(i.HAL_RCC_EnableCSS)
    HAL_RCC_GetHCLKFreq                      0x080036fd   Thumb Code     6  stm32f4xx_hal_rcc.o(i.HAL_RCC_GetHCLKFreq)
    HAL_RCC_GetPCLK1Freq                     0x08003709   Thumb Code    22  stm32f4xx_hal_rcc.o(i.HAL_RCC_GetPCLK1Freq)
    HAL_RCC_GetPCLK2Freq                     0x08003729   Thumb Code    22  stm32f4xx_hal_rcc.o(i.HAL_RCC_GetPCLK2Freq)
    HAL_RCC_GetSysClockFreq                  0x08003749   Thumb Code    94  stm32f4xx_hal_rcc.o(i.HAL_RCC_GetSysClockFreq)
    HAL_RCC_NMI_IRQHandler                   0x080037b9   Thumb Code    24  stm32f4xx_hal_rcc.o(i.HAL_RCC_NMI_IRQHandler)
    HAL_RCC_OscConfig                        0x080037d9   Thumb Code  1154  stm32f4xx_hal_rcc.o(i.HAL_RCC_OscConfig)
    HAL_SRAM_Init                            0x08003c5b   Thumb Code    88  stm32f4xx_hal_sram.o(i.HAL_SRAM_Init)
    HAL_SRAM_MspInit                         0x08003cb3   Thumb Code     4  fmc.o(i.HAL_SRAM_MspInit)
    HAL_SYSTICK_Config                       0x08003cb9   Thumb Code    36  stm32f4xx_hal_cortex.o(i.HAL_SYSTICK_Config)
    HAL_TIMEx_MasterConfigSynchronization    0x08003ce1   Thumb Code   154  stm32f4xx_hal_tim_ex.o(i.HAL_TIMEx_MasterConfigSynchronization)
    HAL_TIM_Base_Init                        0x08003d7b   Thumb Code    92  stm32f4xx_hal_tim.o(i.HAL_TIM_Base_Init)
    HAL_TIM_Base_MspInit                     0x08003dd9   Thumb Code    30  tim.o(i.HAL_TIM_Base_MspInit)
    HAL_TIM_Base_Start                       0x08003dfd   Thumb Code   128  stm32f4xx_hal_tim.o(i.HAL_TIM_Base_Start)
    HAL_TIM_Base_Stop                        0x08003e7d   Thumb Code    38  stm32f4xx_hal_tim.o(i.HAL_TIM_Base_Stop)
    HAL_TIM_ConfigClockSource                0x08003ea3   Thumb Code   234  stm32f4xx_hal_tim.o(i.HAL_TIM_ConfigClockSource)
    HAL_UARTEx_RxEventCallback               0x08003f8d   Thumb Code     2  stm32f4xx_hal_uart.o(i.HAL_UARTEx_RxEventCallback)
    HAL_UART_ErrorCallback                   0x08003f8f   Thumb Code     2  stm32f4xx_hal_uart.o(i.HAL_UART_ErrorCallback)
    HAL_UART_IRQHandler                      0x08003f91   Thumb Code   604  stm32f4xx_hal_uart.o(i.HAL_UART_IRQHandler)
    HAL_UART_Init                            0x080041f1   Thumb Code   100  stm32f4xx_hal_uart.o(i.HAL_UART_Init)
    HAL_UART_MspInit                         0x08004255   Thumb Code   258  usart.o(i.HAL_UART_MspInit)
    HAL_UART_Receive_IT                      0x08004371   Thumb Code    46  stm32f4xx_hal_uart.o(i.HAL_UART_Receive_IT)
    HAL_UART_RxCpltCallback                  0x080043a1   Thumb Code   362  my_usart.o(i.HAL_UART_RxCpltCallback)
    HAL_UART_Transmit                        0x08004551   Thumb Code   202  stm32f4xx_hal_uart.o(i.HAL_UART_Transmit)
    HAL_UART_TxCpltCallback                  0x0800461b   Thumb Code     2  stm32f4xx_hal_uart.o(i.HAL_UART_TxCpltCallback)
    HMI_Send_Int                             0x0800461d   Thumb Code    12  my_hmi.o(i.HMI_Send_Int)
    HardFault_Handler                        0x0800463d   Thumb Code     2  stm32f4xx_it.o(i.HardFault_Handler)
    MX_ADC1_Init                             0x08004641   Thumb Code   124  adc.o(i.MX_ADC1_Init)
    MX_ADC2_Init                             0x080046c5   Thumb Code    76  adc.o(i.MX_ADC2_Init)
    MX_DAC_Init                              0x08004719   Thumb Code    66  dac.o(i.MX_DAC_Init)
    MX_DMA_Init                              0x08004765   Thumb Code    40  dma.o(i.MX_DMA_Init)
    MX_FMC_Init                              0x08004791   Thumb Code   108  fmc.o(i.MX_FMC_Init)
    MX_GPIO_Init                             0x08004805   Thumb Code   318  gpio.o(i.MX_GPIO_Init)
    MX_TIM2_Init                             0x08004961   Thumb Code    94  tim.o(i.MX_TIM2_Init)
    MX_USART1_UART_Init                      0x080049c5   Thumb Code    48  usart.o(i.MX_USART1_UART_Init)
    MX_USART2_UART_Init                      0x080049fd   Thumb Code    48  usart.o(i.MX_USART2_UART_Init)
    MX_USART3_UART_Init                      0x08004a35   Thumb Code    48  usart.o(i.MX_USART3_UART_Init)
    MemManage_Handler                        0x08004a6d   Thumb Code     2  stm32f4xx_it.o(i.MemManage_Handler)
    NMI_Handler                              0x08004a6f   Thumb Code     6  stm32f4xx_it.o(i.NMI_Handler)
    PID_Init                                 0x08004a75   Thumb Code    60  app_pid.o(i.PID_Init)
    ParseFrame                               0x08004b5d   Thumb Code    66  my_usart_pack.o(i.ParseFrame)
    PendSV_Handler                           0x08004b9f   Thumb Code     2  stm32f4xx_it.o(i.PendSV_Handler)
    SVC_Handler                              0x08004ba1   Thumb Code     2  stm32f4xx_it.o(i.SVC_Handler)
    SysTick_Handler                          0x08004ba3   Thumb Code     4  stm32f4xx_it.o(i.SysTick_Handler)
    SystemClock_Config                       0x08004ba9   Thumb Code   150  main.o(i.SystemClock_Config)
    SystemInit                               0x08004c49   Thumb Code    12  system_stm32f4xx.o(i.SystemInit)
    TIM_Base_SetConfig                       0x08004c59   Thumb Code   182  stm32f4xx_hal_tim.o(i.TIM_Base_SetConfig)
    TIM_ETR_SetConfig                        0x08004d25   Thumb Code    22  stm32f4xx_hal_tim.o(i.TIM_ETR_SetConfig)
    UART_Start_Receive_IT                    0x08004fd1   Thumb Code    54  stm32f4xx_hal_uart.o(i.UART_Start_Receive_IT)
    USART1_IRQHandler                        0x080050f1   Thumb Code     6  stm32f4xx_it.o(i.USART1_IRQHandler)
    USART2_IRQHandler                        0x080050fd   Thumb Code     6  stm32f4xx_it.o(i.USART2_IRQHandler)
    USART3_IRQHandler                        0x08005109   Thumb Code     6  stm32f4xx_it.o(i.USART3_IRQHandler)
    UsageFault_Handler                       0x08005115   Thumb Code     2  stm32f4xx_it.o(i.UsageFault_Handler)
    __0vsnprintf                             0x08005119   Thumb Code    40  printfa.o(i.__0vsnprintf)
    __1vsnprintf                             0x08005119   Thumb Code     0  printfa.o(i.__0vsnprintf)
    __2vsnprintf                             0x08005119   Thumb Code     0  printfa.o(i.__0vsnprintf)
    __c89vsnprintf                           0x08005119   Thumb Code     0  printfa.o(i.__0vsnprintf)
    vsnprintf                                0x08005119   Thumb Code     0  printfa.o(i.__0vsnprintf)
    __ARM_fpclassifyf                        0x08005145   Thumb Code    38  fpclassifyf.o(i.__ARM_fpclassifyf)
    __hardfp_atan2f                          0x0800516d   Thumb Code   502  atan2f.o(i.__hardfp_atan2f)
    __hardfp_fmaxf                           0x080053bd   Thumb Code    72  fmaxf.o(i.__hardfp_fmaxf)
    __hardfp_fminf                           0x08005405   Thumb Code    72  fminf.o(i.__hardfp_fminf)
    __hardfp_roundf                          0x0800544d   Thumb Code   154  roundf.o(i.__hardfp_roundf)
    __hardfp_sqrtf                           0x080054e7   Thumb Code    58  sqrtf.o(i.__hardfp_sqrtf)
    __mathlib_flt_infnan2                    0x08005521   Thumb Code     6  funder.o(i.__mathlib_flt_infnan2)
    __mathlib_flt_underflow                  0x08005529   Thumb Code    10  funder.o(i.__mathlib_flt_underflow)
    __scatterload_copy                       0x08005539   Thumb Code    14  handlers.o(i.__scatterload_copy)
    __scatterload_null                       0x08005547   Thumb Code     2  handlers.o(i.__scatterload_null)
    __scatterload_zeroinit                   0x08005549   Thumb Code    14  handlers.o(i.__scatterload_zeroinit)
    __set_errno                              0x08005559   Thumb Code     6  errno.o(i.__set_errno)
    ad_proc                                  0x08005e2d   Thumb Code    12  ad_measure.o(i.ad_proc)
    calculate_fft_spectrum                   0x08005e3d   Thumb Code   188  my_fft.o(i.calculate_fft_spectrum)
    calculate_precise_frequency              0x08005f09   Thumb Code   142  my_fft.o(i.calculate_precise_frequency)
    configure_da_output_from_peaks           0x08005fa9   Thumb Code   192  my_fft.o(i.configure_da_output_from_peaks)
    fft_init                                 0x080060e1   Thumb Code    22  my_fft.o(i.fft_init)
    findMinMax                               0x080060fd   Thumb Code    48  ad_measure.o(i.findMinMax)
    find_dual_peaks                          0x0800612d   Thumb Code   158  my_fft.o(i.find_dual_peaks)
    find_spectrum_peaks                      0x080061cd   Thumb Code   324  my_fft.o(i.find_spectrum_peaks)
    generate_hanning_window                  0x0800631d   Thumb Code    82  my_fft.o(i.generate_hanning_window)
    get_current_ad_frequency                 0x0800637d   Thumb Code     8  key_app.o(i.get_current_ad_frequency)
    key_proc                                 0x08006389   Thumb Code   192  key_app.o(i.key_proc)
    key_read                                 0x080064c9   Thumb Code    60  key_app.o(i.key_read)
    main                                     0x0800650d   Thumb Code   142  main.o(i.main)
    my_printf                                0x080065cd   Thumb Code    50  my_usart.o(i.my_printf)
    output_dual_peaks_info                   0x08006601   Thumb Code   180  my_fft.o(i.output_dual_peaks_info)
    perform_dual_peak_analysis               0x08006745   Thumb Code    66  my_fft.o(i.perform_dual_peak_analysis)
    readFIFOData                             0x08006791   Thumb Code   118  ad_measure.o(i.readFIFOData)
    round_to_nearest_k                       0x0800680d   Thumb Code    32  my_fft.o(i.round_to_nearest_k)
    scheduler_init                           0x08006831   Thumb Code     8  scheduler.o(i.scheduler_init)
    scheduler_run                            0x0800683d   Thumb Code    56  scheduler.o(i.scheduler_run)
    setSamplingFrequency                     0x08006879   Thumb Code   136  ad_measure.o(i.setSamplingFrequency)
    stm32_adc_fft                            0x08006915   Thumb Code   400  stm_sig.o(i.stm32_adc_fft)
    stm32_adc_proc                           0x08006ad9   Thumb Code    94  stm_sig.o(i.stm32_adc_proc)
    stm32_adc_restart                        0x08006b41   Thumb Code    90  stm_sig.o(i.stm32_adc_restart)
    stm32_fft_phasedifferance_calculate      0x08006bb1   Thumb Code   158  stm_sig.o(i.stm32_fft_phasedifferance_calculate)
    track_pid_update                         0x08006c75   Thumb Code    86  stm_sig.o(i.track_pid_update)
    vpp_adc_parallel                         0x08006ccd   Thumb Code   260  ad_measure.o(i.vpp_adc_parallel)
    window                                   0x08006de9   Thumb Code   162  stm_sig.o(i.window)
    AHBPrescTable                            0x08006ebc   Data          16  system_stm32f4xx.o(.constdata)
    APBPrescTable                            0x08006ecc   Data           8  system_stm32f4xx.o(.constdata)
    armBitRevIndexTable1024                  0x08006ed4   Data        3600  arm_common_tables.o(.rodata.armBitRevIndexTable1024)
    armBitRevTable                           0x08007ce4   Data        2048  arm_common_tables.o(.rodata.armBitRevTable)
    arm_cfft_sR_f32_len1024                  0x080084e4   Data          16  arm_const_structs.o(.rodata.arm_cfft_sR_f32_len1024)
    sinTable_f32                             0x080084f4   Data        2052  arm_common_tables.o(.rodata.sinTable_f32)
    twiddleCoef_1024                         0x08008cf8   Data        8192  arm_common_tables.o(.rodata.twiddleCoef_1024)
    twiddleCoef_4096                         0x0800acf8   Data       32768  arm_common_tables.o(.rodata.twiddleCoef_4096)
    Region$$Table$$Base                      0x08012cf8   Number         0  anon$$obj.o(Region$$Table)
    Region$$Table$$Limit                     0x08012d18   Number         0  anon$$obj.o(Region$$Table)
    vol_maxnum1                              0x20000008   Data           2  ad_measure.o(.data)
    vol_minnum1                              0x2000000a   Data           2  ad_measure.o(.data)
    vol_maxnum2                              0x2000000c   Data           2  ad_measure.o(.data)
    vol_minnum2                              0x2000000e   Data           2  ad_measure.o(.data)
    vol_amp1                                 0x20000010   Data           4  ad_measure.o(.data)
    vol_amp2                                 0x20000014   Data           4  ad_measure.o(.data)
    mdoe_flag                                0x20000018   Data           1  ad9959.o(.data)
    Phase                                    0x2000001a   Data           2  ad9959.o(.data)
    pid_vin                                  0x2000001c   Data           4  ad9959.o(.data)
    Reg_Len                                  0x20000020   Data          25  ad9959.o(.data)
    Carrier_indx                             0x20000039   Data           1  ad9959.o(.data)
    val                                      0x2000003c   Data           4  ad9959.o(.data)
    Modulated_wave                           0x20000040   Data           4  ad9959.o(.data)
    key_val                                  0x20000044   Data           1  key_app.o(.data)
    key_old                                  0x20000045   Data           1  key_app.o(.data)
    key_down                                 0x20000046   Data           1  key_app.o(.data)
    key_up                                   0x20000047   Data           1  key_app.o(.data)
    peak1_frequency                          0x20000050   Data           4  my_fft.o(.data)
    peak1_magnitude                          0x20000054   Data           4  my_fft.o(.data)
    peak2_frequency                          0x20000058   Data           4  my_fft.o(.data)
    peak2_magnitude                          0x2000005c   Data           4  my_fft.o(.data)
    commandReceived1                         0x20000060   Data           1  my_usart.o(.data)
    commandReceived3                         0x20000061   Data           1  my_usart.o(.data)
    frameStarted                             0x20000062   Data           1  my_usart.o(.data)
    Adjust                                   0x20000063   Data           1  my_usart.o(.data)
    rxTemp1                                  0x20000064   Data           1  my_usart.o(.data)
    rxTemp3                                  0x20000065   Data           1  my_usart.o(.data)
    rxTemp2                                  0x20000066   Data           1  my_usart.o(.data)
    rxIndex1                                 0x20000068   Data           2  my_usart.o(.data)
    rxIndex3                                 0x2000006a   Data           2  my_usart.o(.data)
    rxIndex2                                 0x2000006c   Data           2  my_usart.o(.data)
    task_num                                 0x20000070   Data           1  scheduler.o(.data)
    adc_flag                                 0x20000098   Data           1  stm_sig.o(.data)
    main_bin1                                0x20000099   Data           1  stm_sig.o(.data)
    main_bin2                                0x2000009a   Data           1  stm_sig.o(.data)
    phase_calculate_ok                       0x2000009b   Data           1  stm_sig.o(.data)
    fft_ok                                   0x2000009c   Data           2  stm_sig.o(.data)
    window_compensation_factor               0x200000a0   Data           4  stm_sig.o(.data)
    phase1                                   0x200000a4   Data           4  stm_sig.o(.data)
    phase2                                   0x200000a8   Data           4  stm_sig.o(.data)
    track_pid                                0x200000ac   Data          24  stm_sig.o(.data)
    uwTickFreq                               0x200000c4   Data           1  stm32f4xx_hal.o(.data)
    uwTickPrio                               0x200000c8   Data           4  stm32f4xx_hal.o(.data)
    uwTick                                   0x200000cc   Data           4  stm32f4xx_hal.o(.data)
    SystemCoreClock                          0x200000d0   Data           4  system_stm32f4xx.o(.data)
    hadc1                                    0x200000d8   Data          72  adc.o(.bss)
    hadc2                                    0x20000120   Data          72  adc.o(.bss)
    hdma_adc1                                0x20000168   Data          96  adc.o(.bss)
    hdac                                     0x200001c8   Data          20  dac.o(.bss)
    hsram2                                   0x200001dc   Data          80  fmc.o(.bss)
    htim2                                    0x2000022c   Data          72  tim.o(.bss)
    huart1                                   0x20000274   Data          68  usart.o(.bss)
    huart2                                   0x200002b8   Data          68  usart.o(.bss)
    huart3                                   0x200002fc   Data          68  usart.o(.bss)
    fifo_data1                               0x20000340   Data        2048  ad_measure.o(.bss)
    fifo_data2                               0x20000b40   Data        2048  ad_measure.o(.bss)
    fifo_data1_f                             0x20001340   Data        4096  ad_measure.o(.bss)
    fifo_data2_f                             0x20002340   Data        4096  ad_measure.o(.bss)
    da_channels                              0x20003340   Data          24  da_output.o(.bss)
    fft_instance                             0x20003358   Data          20  my_fft.o(.bss)
    fft_input_buffer                         0x2000336c   Data        8192  my_fft.o(.bss)
    fft_magnitude                            0x2000536c   Data        4096  my_fft.o(.bss)
    window_buffer                            0x2000636c   Data        4096  my_fft.o(.bss)
    dual_peaks                               0x2000736c   Data          40  my_fft.o(.bss)
    rxBuffer1                                0x20007394   Data         128  my_usart.o(.bss)
    rxBuffer3                                0x20007414   Data         128  my_usart.o(.bss)
    rxBuffer2                                0x20007494   Data         128  my_usart.o(.bss)
    PID                                      0x20007548   Data          36  app_pid.o(.bss)
    adc1_buf                                 0x2000756c   Data        2048  stm_sig.o(.bss)
    adc2_buf                                 0x20007d6c   Data        2048  stm_sig.o(.bss)
    adc_buffer                               0x2000856c   Data        4096  stm_sig.o(.bss)
    windows                                  0x2000956c   Data        4096  stm_sig.o(.bss)
    fft_cfft_input1                          0x2000a56c   Data        8192  stm_sig.o(.bss)
    fft_cfft_input2                          0x2000c56c   Data        8192  stm_sig.o(.bss)
    fft_cfft_output1                         0x2000e56c   Data        4096  stm_sig.o(.bss)
    fft_cfft_output2                         0x2000f56c   Data        4096  stm_sig.o(.bss)
    __initial_sp                             0x20010970   Data           0  startup_stm32f429xx.o(STACK)



==============================================================================

Memory Map of the image

  Image Entry point : 0x080001ad

  Load Region LR_IROM1 (Base: 0x08000000, Size: 0x00012df0, Max: 0x00100000, ABSOLUTE)

    Execution Region ER_IROM1 (Exec base: 0x08000000, Load base: 0x08000000, Size: 0x00012d18, Max: 0x00100000, ABSOLUTE)

    Exec Addr    Load Addr    Size         Type   Attr      Idx    E Section Name        Object

    0x08000000   0x08000000   0x000001ac   Data   RO            3    RESET               startup_stm32f429xx.o
    0x080001ac   0x080001ac   0x00000000   Code   RO         5606  * .ARM.Collect$$$$00000000  mc_w.l(entry.o)
    0x080001ac   0x080001ac   0x00000004   Code   RO         5714    .ARM.Collect$$$$00000001  mc_w.l(entry2.o)
    0x080001b0   0x080001b0   0x00000004   Code   RO         5717    .ARM.Collect$$$$00000004  mc_w.l(entry5.o)
    0x080001b4   0x080001b4   0x00000000   Code   RO         5719    .ARM.Collect$$$$00000008  mc_w.l(entry7b.o)
    0x080001b4   0x080001b4   0x00000000   Code   RO         5721    .ARM.Collect$$$$0000000A  mc_w.l(entry8b.o)
    0x080001b4   0x080001b4   0x00000008   Code   RO         5722    .ARM.Collect$$$$0000000B  mc_w.l(entry9a.o)
    0x080001bc   0x080001bc   0x00000000   Code   RO         5724    .ARM.Collect$$$$0000000D  mc_w.l(entry10a.o)
    0x080001bc   0x080001bc   0x00000000   Code   RO         5726    .ARM.Collect$$$$0000000F  mc_w.l(entry11a.o)
    0x080001bc   0x080001bc   0x00000004   Code   RO         5715    .ARM.Collect$$$$00002712  mc_w.l(entry2.o)
    0x080001c0   0x080001c0   0x00000024   Code   RO            4    .text               startup_stm32f429xx.o
    0x080001e4   0x080001e4   0x00000062   Code   RO         5609    .text               mc_w.l(uldiv.o)
    0x08000246   0x08000246   0x00000024   Code   RO         5611    .text               mc_w.l(memcpya.o)
    0x0800026a   0x0800026a   0x00000024   Code   RO         5613    .text               mc_w.l(memseta.o)
    0x0800028e   0x0800028e   0x000000e4   Code   RO         5645    .text               mf_w.l(dmul.o)
    0x08000372   0x08000372   0x000000de   Code   RO         5647    .text               mf_w.l(ddiv.o)
    0x08000450   0x08000450   0x0000001a   Code   RO         5651    .text               mf_w.l(dfltui.o)
    0x0800046a   0x0800046a   0x00000026   Code   RO         5657    .text               mf_w.l(f2d.o)
    0x08000490   0x08000490   0x00000038   Code   RO         5659    .text               mf_w.l(d2f.o)
    0x080004c8   0x080004c8   0x0000002c   Code   RO         5731    .text               mc_w.l(uidiv.o)
    0x080004f4   0x080004f4   0x0000001e   Code   RO         5733    .text               mc_w.l(llshl.o)
    0x08000512   0x08000512   0x00000020   Code   RO         5735    .text               mc_w.l(llushr.o)
    0x08000532   0x08000532   0x00000000   Code   RO         5744    .text               mc_w.l(iusefp.o)
    0x08000532   0x08000532   0x0000006e   Code   RO         5745    .text               mf_w.l(fepilogue.o)
    0x080005a0   0x080005a0   0x0000003c   Code   RO         5747    .text               mf_w.l(frnd.o)
    0x080005dc   0x080005dc   0x000000ba   Code   RO         5749    .text               mf_w.l(depilogue.o)
    0x08000696   0x08000696   0x0000014e   Code   RO         5751    .text               mf_w.l(dadd.o)
    0x080007e4   0x080007e4   0x00000030   Code   RO         5757    .text               mf_w.l(dfixul.o)
    0x08000814   0x08000814   0x00000030   Code   RO         5759    .text               mf_w.l(cdrcmple.o)
    0x08000844   0x08000844   0x00000036   Code   RO         5761    .text               mf_w.l(fcmp4.o)
    0x0800087a   0x0800087a   0x00000002   PAD
    0x0800087c   0x0800087c   0x00000024   Code   RO         5763    .text               mc_w.l(init.o)
    0x080008a0   0x080008a0   0x00000024   Code   RO         5766    .text               mc_w.l(llsshr.o)
    0x080008c4   0x080008c4   0x00000044   Code   RO         5416    .text.arm_bitreversal_32  arm_cortexM4lf_math.lib(arm_bitreversal2.o)
    0x08000908   0x08000908   0x000000be   Code   RO         5400    .text.arm_bitreversal_f32  arm_cortexM4lf_math.lib(arm_bitreversal.o)
    0x080009c6   0x080009c6   0x00000002   PAD
    0x080009c8   0x080009c8   0x000000e0   Code   RO         5315    .text.arm_cfft_f32  arm_cortexM4lf_math.lib(arm_cfft_f32.o)
    0x08000aa8   0x08000aa8   0x00000040   Code   RO         5288    .text.arm_cfft_radix4_f32  arm_cortexM4lf_math.lib(arm_cfft_radix4_f32.o)
    0x08000ae8   0x08000ae8   0x00000094   Code   RO         5302    .text.arm_cfft_radix4_init_f32  arm_cortexM4lf_math.lib(arm_cfft_radix4_init_f32.o)
    0x08000b7c   0x08000b7c   0x00000198   Code   RO         5311    .text.arm_cfft_radix8by2_f32  arm_cortexM4lf_math.lib(arm_cfft_f32.o)
    0x08000d14   0x08000d14   0x000003fc   Code   RO         5313    .text.arm_cfft_radix8by4_f32  arm_cortexM4lf_math.lib(arm_cfft_f32.o)
    0x08001110   0x08001110   0x00000154   Code   RO         5269    .text.arm_cmplx_mag_f32  arm_cortexM4lf_math.lib(arm_cmplx_mag_f32.o)
    0x08001264   0x08001264   0x00000098   Code   RO         5260    .text.arm_cos_f32   arm_cortexM4lf_math.lib(arm_cos_f32.o)
    0x080012fc   0x080012fc   0x0000035a   Code   RO         5292    .text.arm_radix4_butterfly_f32  arm_cortexM4lf_math.lib(arm_cfft_radix4_f32.o)
    0x08001656   0x08001656   0x00000002   PAD
    0x08001658   0x08001658   0x0000037a   Code   RO         5290    .text.arm_radix4_butterfly_inverse_f32  arm_cortexM4lf_math.lib(arm_cfft_radix4_f32.o)
    0x080019d2   0x080019d2   0x00000002   PAD
    0x080019d4   0x080019d4   0x000005b2   Code   RO         5428    .text.arm_radix8_butterfly_f32  arm_cortexM4lf_math.lib(arm_cfft_radix8_f32.o)
    0x08001f86   0x08001f86   0x00000002   PAD
    0x08001f88   0x08001f88   0x00000130   Code   RO         1799    i.ADC_Init          stm32f4xx_hal_adc.o
    0x080020b8   0x080020b8   0x0000005e   Code   RO         1966    i.ADC_MultiModeDMAConvCplt  stm32f4xx_hal_adc_ex.o
    0x08002116   0x08002116   0x00000012   Code   RO         1967    i.ADC_MultiModeDMAError  stm32f4xx_hal_adc_ex.o
    0x08002128   0x08002128   0x00000006   Code   RO         1968    i.ADC_MultiModeDMAHalfConvCplt  stm32f4xx_hal_adc_ex.o
    0x0800212e   0x0800212e   0x0000001e   Code   RO         1534    i.AD_FIFO_READ_DISABLE  cmd_to_fun.o
    0x0800214c   0x0800214c   0x0000001e   Code   RO         1535    i.AD_FIFO_READ_ENABLE  cmd_to_fun.o
    0x0800216a   0x0800216a   0x0000001e   Code   RO         1536    i.AD_FIFO_WRITE_DISABLE  cmd_to_fun.o
    0x08002188   0x08002188   0x0000002a   Code   RO         1537    i.AD_FIFO_WRITE_ENABLE  cmd_to_fun.o
    0x080021b2   0x080021b2   0x0000002a   Code   RO         1540    i.AD_FREQ_SET       cmd_to_fun.o
    0x080021dc   0x080021dc   0x00000002   Code   RO          550    i.BusFault_Handler  stm32f4xx_it.o
    0x080021de   0x080021de   0x0000000a   Code   RO         1543    i.CTRL_INIT         cmd_to_fun.o
    0x080021e8   0x080021e8   0x000000dc   Code   RO          996    i.DA_Apply_Settings  da_output.o
    0x080022c4   0x080022c4   0x0000000e   Code   RO         1544    i.DA_FPGA_START     cmd_to_fun.o
    0x080022d2   0x080022d2   0x0000000e   Code   RO         1545    i.DA_FPGA_STOP      cmd_to_fun.o
    0x080022e0   0x080022e0   0x00000038   Code   RO          997    i.DA_Init           da_output.o
    0x08002318   0x08002318   0x00000020   Code   RO          998    i.DA_SetConfig      da_output.o
    0x08002338   0x08002338   0x00000018   Code   RO          551    i.DMA2_Stream0_IRQHandler  stm32f4xx_it.o
    0x08002350   0x08002350   0x00000034   Code   RO         2635    i.DMA_CalcBaseAndBitshift  stm32f4xx_hal_dma.o
    0x08002384   0x08002384   0x0000007e   Code   RO         2636    i.DMA_CheckFifoParam  stm32f4xx_hal_dma.o
    0x08002402   0x08002402   0x00000038   Code   RO         2637    i.DMA_SetConfig     stm32f4xx_hal_dma.o
    0x0800243a   0x0800243a   0x00000002   Code   RO          552    i.DebugMon_Handler  stm32f4xx_it.o
    0x0800243c   0x0800243c   0x00000004   Code   RO           13    i.Error_Handler     main.o
    0x08002440   0x08002440   0x0000004c   Code   RO         3581    i.FMC_NORSRAM_Extended_Timing_Init  stm32f4xx_ll_fmc.o
    0x0800248c   0x0800248c   0x00000070   Code   RO         3582    i.FMC_NORSRAM_Init  stm32f4xx_ll_fmc.o
    0x080024fc   0x080024fc   0x00000060   Code   RO         3583    i.FMC_NORSRAM_Timing_Init  stm32f4xx_ll_fmc.o
    0x0800255c   0x0800255c   0x00000038   Code   RO         1708    i.FindFundamentalFrequencyBin  stm_sig.o
    0x08002594   0x08002594   0x0000005c   Code   RO         1977    i.HAL_ADCEx_MultiModeConfigChannel  stm32f4xx_hal_adc_ex.o
    0x080025f0   0x080025f0   0x00000130   Code   RO         1979    i.HAL_ADCEx_MultiModeStart_DMA  stm32f4xx_hal_adc_ex.o
    0x08002720   0x08002720   0x00000064   Code   RO         1980    i.HAL_ADCEx_MultiModeStop_DMA  stm32f4xx_hal_adc_ex.o
    0x08002784   0x08002784   0x0000018c   Code   RO         1801    i.HAL_ADC_ConfigChannel  stm32f4xx_hal_adc.o
    0x08002910   0x08002910   0x00000002   Code   RO         1802    i.HAL_ADC_ConvCpltCallback  stm32f4xx_hal_adc.o
    0x08002912   0x08002912   0x00000002   Code   RO         1803    i.HAL_ADC_ConvHalfCpltCallback  stm32f4xx_hal_adc.o
    0x08002914   0x08002914   0x00000002   Code   RO         1805    i.HAL_ADC_ErrorCallback  stm32f4xx_hal_adc.o
    0x08002916   0x08002916   0x00000056   Code   RO         1810    i.HAL_ADC_Init      stm32f4xx_hal_adc.o
    0x0800296c   0x0800296c   0x000000d0   Code   RO          293    i.HAL_ADC_MspInit   adc.o
    0x08002a3c   0x08002a3c   0x00000128   Code   RO         1816    i.HAL_ADC_Start     stm32f4xx_hal_adc.o
    0x08002b64   0x08002b64   0x00000056   Code   RO         3336    i.HAL_DAC_ConfigChannel  stm32f4xx_hal_dac.o
    0x08002bba   0x08002bba   0x0000002a   Code   RO         3346    i.HAL_DAC_Init      stm32f4xx_hal_dac.o
    0x08002be4   0x08002be4   0x00000060   Code   RO          341    i.HAL_DAC_MspInit   dac.o
    0x08002c44   0x08002c44   0x000000a2   Code   RO         2638    i.HAL_DMA_Abort     stm32f4xx_hal_dma.o
    0x08002ce6   0x08002ce6   0x00000024   Code   RO         2639    i.HAL_DMA_Abort_IT  stm32f4xx_hal_dma.o
    0x08002d0a   0x08002d0a   0x00000002   PAD
    0x08002d0c   0x08002d0c   0x000001ec   Code   RO         2643    i.HAL_DMA_IRQHandler  stm32f4xx_hal_dma.o
    0x08002ef8   0x08002ef8   0x000000ec   Code   RO         2644    i.HAL_DMA_Init      stm32f4xx_hal_dma.o
    0x08002fe4   0x08002fe4   0x00000070   Code   RO         2648    i.HAL_DMA_Start_IT  stm32f4xx_hal_dma.o
    0x08003054   0x08003054   0x00000028   Code   RO         3070    i.HAL_Delay         stm32f4xx_hal.o
    0x0800307c   0x0800307c   0x000000a4   Code   RO          406    i.HAL_FMC_MspInit   fmc.o
    0x08003120   0x08003120   0x0000024c   Code   RO         2531    i.HAL_GPIO_Init     stm32f4xx_hal_gpio.o
    0x0800336c   0x0800336c   0x0000000e   Code   RO         2533    i.HAL_GPIO_ReadPin  stm32f4xx_hal_gpio.o
    0x0800337a   0x0800337a   0x0000000e   Code   RO         2535    i.HAL_GPIO_WritePin  stm32f4xx_hal_gpio.o
    0x08003388   0x08003388   0x0000000c   Code   RO         3078    i.HAL_GetTick       stm32f4xx_hal.o
    0x08003394   0x08003394   0x00000010   Code   RO         3084    i.HAL_IncTick       stm32f4xx_hal.o
    0x080033a4   0x080033a4   0x00000034   Code   RO         3085    i.HAL_Init          stm32f4xx_hal.o
    0x080033d8   0x080033d8   0x00000044   Code   RO         3086    i.HAL_InitTick      stm32f4xx_hal.o
    0x0800341c   0x0800341c   0x00000030   Code   RO          650    i.HAL_MspInit       stm32f4xx_hal_msp.o
    0x0800344c   0x0800344c   0x0000001c   Code   RO         2938    i.HAL_NVIC_EnableIRQ  stm32f4xx_hal_cortex.o
    0x08003468   0x08003468   0x00000068   Code   RO         2944    i.HAL_NVIC_SetPriority  stm32f4xx_hal_cortex.o
    0x080034d0   0x080034d0   0x00000024   Code   RO         2945    i.HAL_NVIC_SetPriorityGrouping  stm32f4xx_hal_cortex.o
    0x080034f4   0x080034f4   0x0000007c   Code   RO         2867    i.HAL_PWREx_EnableOverDrive  stm32f4xx_hal_pwr_ex.o
    0x08003570   0x08003570   0x00000002   Code   RO         2074    i.HAL_RCC_CSSCallback  stm32f4xx_hal_rcc.o
    0x08003572   0x08003572   0x00000002   PAD
    0x08003574   0x08003574   0x0000017c   Code   RO         2075    i.HAL_RCC_ClockConfig  stm32f4xx_hal_rcc.o
    0x080036f0   0x080036f0   0x0000000c   Code   RO         2078    i.HAL_RCC_EnableCSS  stm32f4xx_hal_rcc.o
    0x080036fc   0x080036fc   0x0000000c   Code   RO         2080    i.HAL_RCC_GetHCLKFreq  stm32f4xx_hal_rcc.o
    0x08003708   0x08003708   0x00000020   Code   RO         2082    i.HAL_RCC_GetPCLK1Freq  stm32f4xx_hal_rcc.o
    0x08003728   0x08003728   0x00000020   Code   RO         2083    i.HAL_RCC_GetPCLK2Freq  stm32f4xx_hal_rcc.o
    0x08003748   0x08003748   0x00000070   Code   RO         2084    i.HAL_RCC_GetSysClockFreq  stm32f4xx_hal_rcc.o
    0x080037b8   0x080037b8   0x00000020   Code   RO         2086    i.HAL_RCC_NMI_IRQHandler  stm32f4xx_hal_rcc.o
    0x080037d8   0x080037d8   0x00000482   Code   RO         2087    i.HAL_RCC_OscConfig  stm32f4xx_hal_rcc.o
    0x08003c5a   0x08003c5a   0x00000058   Code   RO         3757    i.HAL_SRAM_Init     stm32f4xx_hal_sram.o
    0x08003cb2   0x08003cb2   0x00000004   Code   RO          408    i.HAL_SRAM_MspInit  fmc.o
    0x08003cb6   0x08003cb6   0x00000002   PAD
    0x08003cb8   0x08003cb8   0x00000028   Code   RO         2949    i.HAL_SYSTICK_Config  stm32f4xx_hal_cortex.o
    0x08003ce0   0x08003ce0   0x0000009a   Code   RO         4609    i.HAL_TIMEx_MasterConfigSynchronization  stm32f4xx_hal_tim_ex.o
    0x08003d7a   0x08003d7a   0x0000005c   Code   RO         3875    i.HAL_TIM_Base_Init  stm32f4xx_hal_tim.o
    0x08003dd6   0x08003dd6   0x00000002   PAD
    0x08003dd8   0x08003dd8   0x00000024   Code   RO          455    i.HAL_TIM_Base_MspInit  tim.o
    0x08003dfc   0x08003dfc   0x00000080   Code   RO         3878    i.HAL_TIM_Base_Start  stm32f4xx_hal_tim.o
    0x08003e7c   0x08003e7c   0x00000026   Code   RO         3881    i.HAL_TIM_Base_Stop  stm32f4xx_hal_tim.o
    0x08003ea2   0x08003ea2   0x000000ea   Code   RO         3884    i.HAL_TIM_ConfigClockSource  stm32f4xx_hal_tim.o
    0x08003f8c   0x08003f8c   0x00000002   Code   RO         4868    i.HAL_UARTEx_RxEventCallback  stm32f4xx_hal_uart.o
    0x08003f8e   0x08003f8e   0x00000002   Code   RO         4882    i.HAL_UART_ErrorCallback  stm32f4xx_hal_uart.o
    0x08003f90   0x08003f90   0x00000260   Code   RO         4885    i.HAL_UART_IRQHandler  stm32f4xx_hal_uart.o
    0x080041f0   0x080041f0   0x00000064   Code   RO         4886    i.HAL_UART_Init     stm32f4xx_hal_uart.o
    0x08004254   0x08004254   0x0000011c   Code   RO          497    i.HAL_UART_MspInit  usart.o
    0x08004370   0x08004370   0x0000002e   Code   RO         4891    i.HAL_UART_Receive_IT  stm32f4xx_hal_uart.o
    0x0800439e   0x0800439e   0x00000002   PAD
    0x080043a0   0x080043a0   0x000001b0   Code   RO         1440    i.HAL_UART_RxCpltCallback  my_usart.o
    0x08004550   0x08004550   0x000000ca   Code   RO         4894    i.HAL_UART_Transmit  stm32f4xx_hal_uart.o
    0x0800461a   0x0800461a   0x00000002   Code   RO         4897    i.HAL_UART_TxCpltCallback  stm32f4xx_hal_uart.o
    0x0800461c   0x0800461c   0x00000020   Code   RO         1384    i.HMI_Send_Int      my_hmi.o
    0x0800463c   0x0800463c   0x00000002   Code   RO          553    i.HardFault_Handler  stm32f4xx_it.o
    0x0800463e   0x0800463e   0x00000002   PAD
    0x08004640   0x08004640   0x00000084   Code   RO          294    i.MX_ADC1_Init      adc.o
    0x080046c4   0x080046c4   0x00000054   Code   RO          295    i.MX_ADC2_Init      adc.o
    0x08004718   0x08004718   0x0000004c   Code   RO          342    i.MX_DAC_Init       dac.o
    0x08004764   0x08004764   0x0000002c   Code   RO          382    i.MX_DMA_Init       dma.o
    0x08004790   0x08004790   0x00000074   Code   RO          409    i.MX_FMC_Init       fmc.o
    0x08004804   0x08004804   0x0000015c   Code   RO          268    i.MX_GPIO_Init      gpio.o
    0x08004960   0x08004960   0x00000064   Code   RO          456    i.MX_TIM2_Init      tim.o
    0x080049c4   0x080049c4   0x00000038   Code   RO          498    i.MX_USART1_UART_Init  usart.o
    0x080049fc   0x080049fc   0x00000038   Code   RO          499    i.MX_USART2_UART_Init  usart.o
    0x08004a34   0x08004a34   0x00000038   Code   RO          500    i.MX_USART3_UART_Init  usart.o
    0x08004a6c   0x08004a6c   0x00000002   Code   RO          554    i.MemManage_Handler  stm32f4xx_it.o
    0x08004a6e   0x08004a6e   0x00000006   Code   RO          555    i.NMI_Handler       stm32f4xx_it.o
    0x08004a74   0x08004a74   0x00000050   Code   RO         1664    i.PID_Init          app_pid.o
    0x08004ac4   0x08004ac4   0x00000098   Code   RO         1484    i.ParseDataToVariables  my_usart_pack.o
    0x08004b5c   0x08004b5c   0x00000042   Code   RO         1485    i.ParseFrame        my_usart_pack.o
    0x08004b9e   0x08004b9e   0x00000002   Code   RO          556    i.PendSV_Handler    stm32f4xx_it.o
    0x08004ba0   0x08004ba0   0x00000002   Code   RO          557    i.SVC_Handler       stm32f4xx_it.o
    0x08004ba2   0x08004ba2   0x00000004   Code   RO          558    i.SysTick_Handler   stm32f4xx_it.o
    0x08004ba6   0x08004ba6   0x00000002   PAD
    0x08004ba8   0x08004ba8   0x000000a0   Code   RO           14    i.SystemClock_Config  main.o
    0x08004c48   0x08004c48   0x00000010   Code   RO         5225    i.SystemInit        system_stm32f4xx.o
    0x08004c58   0x08004c58   0x000000cc   Code   RO         3968    i.TIM_Base_SetConfig  stm32f4xx_hal_tim.o
    0x08004d24   0x08004d24   0x00000016   Code   RO         3979    i.TIM_ETR_SetConfig  stm32f4xx_hal_tim.o
    0x08004d3a   0x08004d3a   0x00000010   Code   RO         3980    i.TIM_ITRx_SetConfig  stm32f4xx_hal_tim.o
    0x08004d4a   0x08004d4a   0x00000026   Code   RO         3986    i.TIM_TI1_ConfigInputStage  stm32f4xx_hal_tim.o
    0x08004d70   0x08004d70   0x00000024   Code   RO         3988    i.TIM_TI2_ConfigInputStage  stm32f4xx_hal_tim.o
    0x08004d94   0x08004d94   0x00000010   Code   RO         4899    i.UART_DMAAbortOnError  stm32f4xx_hal_uart.o
    0x08004da4   0x08004da4   0x0000004e   Code   RO         4909    i.UART_EndRxTransfer  stm32f4xx_hal_uart.o
    0x08004df2   0x08004df2   0x0000001a   Code   RO         4910    i.UART_EndTransmit_IT  stm32f4xx_hal_uart.o
    0x08004e0c   0x08004e0c   0x000000c8   Code   RO         4912    i.UART_Receive_IT   stm32f4xx_hal_uart.o
    0x08004ed4   0x08004ed4   0x000000fc   Code   RO         4913    i.UART_SetConfig    stm32f4xx_hal_uart.o
    0x08004fd0   0x08004fd0   0x00000036   Code   RO         4915    i.UART_Start_Receive_IT  stm32f4xx_hal_uart.o
    0x08005006   0x08005006   0x0000005e   Code   RO         4916    i.UART_Transmit_IT  stm32f4xx_hal_uart.o
    0x08005064   0x08005064   0x0000008c   Code   RO         4917    i.UART_WaitOnFlagUntilTimeout  stm32f4xx_hal_uart.o
    0x080050f0   0x080050f0   0x0000000c   Code   RO          559    i.USART1_IRQHandler  stm32f4xx_it.o
    0x080050fc   0x080050fc   0x0000000c   Code   RO          560    i.USART2_IRQHandler  stm32f4xx_it.o
    0x08005108   0x08005108   0x0000000c   Code   RO          561    i.USART3_IRQHandler  stm32f4xx_it.o
    0x08005114   0x08005114   0x00000002   Code   RO          562    i.UsageFault_Handler  stm32f4xx_it.o
    0x08005116   0x08005116   0x00000002   PAD
    0x08005118   0x08005118   0x0000002c   Code   RO         5623    i.__0vsnprintf      mc_w.l(printfa.o)
    0x08005144   0x08005144   0x00000026   Code   RO         5683    i.__ARM_fpclassifyf  m_wm.l(fpclassifyf.o)
    0x0800516a   0x0800516a   0x00000002   PAD
    0x0800516c   0x0800516c   0x00000250   Code   RO         5556    i.__hardfp_atan2f   m_wm.l(atan2f.o)
    0x080053bc   0x080053bc   0x00000048   Code   RO         5594    i.__hardfp_fmaxf    m_wm.l(fmaxf.o)
    0x08005404   0x08005404   0x00000048   Code   RO         5598    i.__hardfp_fminf    m_wm.l(fminf.o)
    0x0800544c   0x0800544c   0x0000009a   Code   RO         5602    i.__hardfp_roundf   m_wm.l(roundf.o)
    0x080054e6   0x080054e6   0x0000003a   Code   RO         5582    i.__hardfp_sqrtf    m_wm.l(sqrtf.o)
    0x08005520   0x08005520   0x00000006   Code   RO         5687    i.__mathlib_flt_infnan2  m_wm.l(funder.o)
    0x08005526   0x08005526   0x00000002   PAD
    0x08005528   0x08005528   0x00000010   Code   RO         5691    i.__mathlib_flt_underflow  m_wm.l(funder.o)
    0x08005538   0x08005538   0x0000000e   Code   RO         5775    i.__scatterload_copy  mc_w.l(handlers.o)
    0x08005546   0x08005546   0x00000002   Code   RO         5776    i.__scatterload_null  mc_w.l(handlers.o)
    0x08005548   0x08005548   0x0000000e   Code   RO         5777    i.__scatterload_zeroinit  mc_w.l(handlers.o)
    0x08005556   0x08005556   0x00000002   PAD
    0x08005558   0x08005558   0x0000000c   Code   RO         5739    i.__set_errno       mc_w.l(errno.o)
    0x08005564   0x08005564   0x00000184   Code   RO         5625    i._fp_digits        mc_w.l(printfa.o)
    0x080056e8   0x080056e8   0x000006dc   Code   RO         5626    i._printf_core      mc_w.l(printfa.o)
    0x08005dc4   0x08005dc4   0x00000024   Code   RO         5627    i._printf_post_padding  mc_w.l(printfa.o)
    0x08005de8   0x08005de8   0x0000002e   Code   RO         5628    i._printf_pre_padding  mc_w.l(printfa.o)
    0x08005e16   0x08005e16   0x00000016   Code   RO         5629    i._snputc           mc_w.l(printfa.o)
    0x08005e2c   0x08005e2c   0x00000010   Code   RO          674    i.ad_proc           ad_measure.o
    0x08005e3c   0x08005e3c   0x000000cc   Code   RO         1136    i.calculate_fft_spectrum  my_fft.o
    0x08005f08   0x08005f08   0x000000a0   Code   RO         1137    i.calculate_precise_frequency  my_fft.o
    0x08005fa8   0x08005fa8   0x00000138   Code   RO         1139    i.configure_da_output_from_peaks  my_fft.o
    0x080060e0   0x080060e0   0x0000001c   Code   RO         1140    i.fft_init          my_fft.o
    0x080060fc   0x080060fc   0x00000030   Code   RO          675    i.findMinMax        ad_measure.o
    0x0800612c   0x0800612c   0x0000009e   Code   RO         1141    i.find_dual_peaks   my_fft.o
    0x080061ca   0x080061ca   0x00000002   PAD
    0x080061cc   0x080061cc   0x00000150   Code   RO         1142    i.find_spectrum_peaks  my_fft.o
    0x0800631c   0x0800631c   0x00000060   Code   RO         1143    i.generate_hanning_window  my_fft.o
    0x0800637c   0x0800637c   0x0000000c   Code   RO         1086    i.get_current_ad_frequency  key_app.o
    0x08006388   0x08006388   0x00000140   Code   RO         1087    i.key_proc          key_app.o
    0x080064c8   0x080064c8   0x00000044   Code   RO         1088    i.key_read          key_app.o
    0x0800650c   0x0800650c   0x000000c0   Code   RO           15    i.main              main.o
    0x080065cc   0x080065cc   0x00000032   Code   RO         1441    i.my_printf         my_usart.o
    0x080065fe   0x080065fe   0x00000002   PAD
    0x08006600   0x08006600   0x00000144   Code   RO         1149    i.output_dual_peaks_info  my_fft.o
    0x08006744   0x08006744   0x0000004c   Code   RO         1151    i.perform_dual_peak_analysis  my_fft.o
    0x08006790   0x08006790   0x0000007c   Code   RO          676    i.readFIFOData      ad_measure.o
    0x0800680c   0x0800680c   0x00000024   Code   RO         1152    i.round_to_nearest_k  my_fft.o
    0x08006830   0x08006830   0x0000000c   Code   RO         1624    i.scheduler_init    scheduler.o
    0x0800683c   0x0800683c   0x0000003c   Code   RO         1625    i.scheduler_run     scheduler.o
    0x08006878   0x08006878   0x0000009c   Code   RO          677    i.setSamplingFrequency  ad_measure.o
    0x08006914   0x08006914   0x000001c4   Code   RO         1710    i.stm32_adc_fft     stm_sig.o
    0x08006ad8   0x08006ad8   0x00000068   Code   RO         1711    i.stm32_adc_proc    stm_sig.o
    0x08006b40   0x08006b40   0x00000070   Code   RO         1712    i.stm32_adc_restart  stm_sig.o
    0x08006bb0   0x08006bb0   0x000000c4   Code   RO         1714    i.stm32_fft_phasedifferance_calculate  stm_sig.o
    0x08006c74   0x08006c74   0x00000056   Code   RO         1715    i.track_pid_update  stm_sig.o
    0x08006cca   0x08006cca   0x00000002   PAD
    0x08006ccc   0x08006ccc   0x0000011c   Code   RO          678    i.vpp_adc_parallel  ad_measure.o
    0x08006de8   0x08006de8   0x000000cc   Code   RO         1716    i.window            stm_sig.o
    0x08006eb4   0x08006eb4   0x00000008   Data   RO         2650    .constdata          stm32f4xx_hal_dma.o
    0x08006ebc   0x08006ebc   0x00000010   Data   RO         5226    .constdata          system_stm32f4xx.o
    0x08006ecc   0x08006ecc   0x00000008   Data   RO         5227    .constdata          system_stm32f4xx.o
    0x08006ed4   0x08006ed4   0x00000e10   Data   RO         5489    .rodata.armBitRevIndexTable1024  arm_cortexM4lf_math.lib(arm_common_tables.o)
    0x08007ce4   0x08007ce4   0x00000800   Data   RO         5437    .rodata.armBitRevTable  arm_cortexM4lf_math.lib(arm_common_tables.o)
    0x080084e4   0x080084e4   0x00000010   Data   RO         5340    .rodata.arm_cfft_sR_f32_len1024  arm_cortexM4lf_math.lib(arm_const_structs.o)
    0x080084f4   0x080084f4   0x00000804   Data   RO         5549    .rodata.sinTable_f32  arm_cortexM4lf_math.lib(arm_common_tables.o)
    0x08008cf8   0x08008cf8   0x00002000   Data   RO         5453    .rodata.twiddleCoef_1024  arm_cortexM4lf_math.lib(arm_common_tables.o)
    0x0800acf8   0x0800acf8   0x00008000   Data   RO         5455    .rodata.twiddleCoef_4096  arm_cortexM4lf_math.lib(arm_common_tables.o)
    0x08012cf8   0x08012cf8   0x00000020   Data   RO         5773    Region$$Table       anon$$obj.o


    Execution Region RW_IRAM2 (Exec base: 0x10000000, Load base: 0x08012df0, Size: 0x00000000, Max: 0x00010000, ABSOLUTE)

    **** No section assigned to this execution region ****


    Execution Region RW_IRAM1 (Exec base: 0x20000000, Load base: 0x08012d18, Size: 0x00010970, Max: 0x00030000, ABSOLUTE)

    Exec Addr    Load Addr    Size         Type   Attr      Idx    E Section Name        Object

    0x20000000   0x08012d18   0x00000008   Data   RW          411    .data               fmc.o
    0x20000008   0x08012d20   0x00000010   Data   RW          680    .data               ad_measure.o
    0x20000018   0x08012d30   0x00000021   Data   RW          775    .data               ad9959.o
    0x20000039   0x08012d51   0x00000001   Data   RW          777    .data               ad9959.o
    0x2000003a   0x08012d52   0x00000002   PAD
    0x2000003c   0x08012d54   0x00000004   Data   RW          778    .data               ad9959.o
    0x20000040   0x08012d58   0x00000004   Data   RW          779    .data               ad9959.o
    0x20000044   0x08012d5c   0x0000000c   Data   RW         1090    .data               key_app.o
    0x20000050   0x08012d68   0x00000010   Data   RW         1154    .data               my_fft.o
    0x20000060   0x08012d78   0x0000000e   Data   RW         1443    .data               my_usart.o
    0x2000006e   0x08012d86   0x00000002   Data   RW         1490    .data               my_usart_pack.o
    0x20000070   0x08012d88   0x00000028   Data   RW         1628    .data               scheduler.o
    0x20000098   0x08012db0   0x0000002c   Data   RW         1718    .data               stm_sig.o
    0x200000c4   0x08012ddc   0x0000000c   Data   RW         3092    .data               stm32f4xx_hal.o
    0x200000d0   0x08012de8   0x00000004   Data   RW         5228    .data               system_stm32f4xx.o
    0x200000d4   0x08012dec   0x00000004   Data   RW         5740    .data               mc_w.l(errno.o)
    0x200000d8        -       0x000000f0   Zero   RW          296    .bss                adc.o
    0x200001c8        -       0x00000014   Zero   RW          343    .bss                dac.o
    0x200001dc        -       0x00000050   Zero   RW          410    .bss                fmc.o
    0x2000022c        -       0x00000048   Zero   RW          457    .bss                tim.o
    0x20000274        -       0x000000cc   Zero   RW          501    .bss                usart.o
    0x20000340        -       0x00003000   Zero   RW          679    .bss                ad_measure.o
    0x20003340        -       0x00000018   Zero   RW          999    .bss                da_output.o
    0x20003358        -       0x0000403c   Zero   RW         1153    .bss                my_fft.o
    0x20007394        -       0x00000180   Zero   RW         1442    .bss                my_usart.o
    0x20007514        -       0x00000034   Zero   RW         1489    .bss                my_usart_pack.o
    0x20007548        -       0x00000024   Zero   RW         1667    .bss                app_pid.o
    0x2000756c        -       0x00009000   Zero   RW         1717    .bss                stm_sig.o
    0x2001056c   0x08012df0   0x00000004   PAD
    0x20010570        -       0x00000400   Zero   RW            1    STACK               startup_stm32f429xx.o


==============================================================================

Image component sizes


      Code (inc. data)   RO Data    RW Data    ZI Data      Debug   Object Name

         0          0          0         42          0       2100   ad9959.o
       628         54          0         16      12288       5692   ad_measure.o
       424         40          0          0        240       3120   adc.o
        80         20          0          0         36        960   app_pid.o
       212          0          0          0          0       5101   cmd_to_fun.o
       308         32          0          0         24       3889   da_output.o
       172         22          0          0         20       2127   dac.o
        44          4          0          0          0        998   dma.o
       284         34          0          8         80       2794   fmc.o
       348         30          0          0          0       1383   gpio.o
       400        140          0         12          0       2801   key_app.o
       356         60          0          0          0     814789   main.o
      1730        344          0         16      16444      11511   my_fft.o
        32         20          0          0          0        675   my_hmi.o
       482         70          0         14        384       3963   my_usart.o
       218         10          0          2         52       3001   my_usart_pack.o
        72          8          0         40          0       2142   scheduler.o
        36          8        428          0       1024        928   startup_stm32f429xx.o
       188         30          0         12          0      10449   stm32f4xx_hal.o
      1088         48          0          0          0       6413   stm32f4xx_hal_adc.o
       614         38          0          0          0       5620   stm32f4xx_hal_adc_ex.o
       208         16          0          0          0      34219   stm32f4xx_hal_cortex.o
       128          0          0          0          0       2343   stm32f4xx_hal_dac.o
      1272         18          8          0          0       8498   stm32f4xx_hal_dma.o
       616         24          0          0          0       3519   stm32f4xx_hal_gpio.o
        48          6          0          0          0       1078   stm32f4xx_hal_msp.o
       124         14          0          0          0       1524   stm32f4xx_hal_pwr_ex.o
      1768        116          0          0          0       9267   stm32f4xx_hal_rcc.o
        88          0          0          0          0       1444   stm32f4xx_hal_sram.o
       808         22          0          0          0       8362   stm32f4xx_hal_tim.o
       154          0          0          0          0       1624   stm32f4xx_hal_tim_ex.o
      1822          8          0          0          0      14520   stm32f4xx_hal_uart.o
        84         26          0          0          0       7532   stm32f4xx_it.o
       284          8          0          0          0       3400   stm32f4xx_ll_fmc.o
      1210        170          0         44      36864       8025   stm_sig.o
        16          4         24          4          0       1463   system_stm32f4xx.o
       136         12          0          0         72       2106   tim.o
       452         50          0          0        204       3816   usart.o

    ----------------------------------------------------------------------
     16956       1506        492        212      67736    1003196   Object Totals
         0          0         32          0          0          0   (incl. Generated)
        22          0          0          2          4          0   (incl. Padding)

    ----------------------------------------------------------------------

      Code (inc. data)   RO Data    RW Data    ZI Data      Debug   Library Member Name

       190          0          0          0          0       2756   arm_bitreversal.o
        68          0          0          0          0       1792   arm_bitreversal2.o
      1652          0          0          0          0       7236   arm_cfft_f32.o
      1812          0          0          0          0       9774   arm_cfft_radix4_f32.o
       148         20          0          0          0       1573   arm_cfft_radix4_init_f32.o
      1458          4          0          0          0       5452   arm_cfft_radix8_f32.o
       340          0          0          0          0       2270   arm_cmplx_mag_f32.o
         0          0      48660          0          0       6294   arm_common_tables.o
         0          0         16          0          0       4820   arm_const_structs.o
       152         12          0          0          0       1104   arm_cos_f32.o
       592         90          0          0          0        184   atan2f.o
        72          0          0          0          0        148   fmaxf.o
        72          0          0          0          0        148   fminf.o
        38          0          0          0          0        116   fpclassifyf.o
        22          6          0          0          0        232   funder.o
       154          0          0          0          0        140   roundf.o
        58          0          0          0          0        136   sqrtf.o
         0          0          0          0          0          0   entry.o
         0          0          0          0          0          0   entry10a.o
         0          0          0          0          0          0   entry11a.o
         8          4          0          0          0          0   entry2.o
         4          0          0          0          0          0   entry5.o
         0          0          0          0          0          0   entry7b.o
         0          0          0          0          0          0   entry8b.o
         8          4          0          0          0          0   entry9a.o
        12          6          0          4          0         68   errno.o
        30          0          0          0          0          0   handlers.o
        36          8          0          0          0         68   init.o
         0          0          0          0          0          0   iusefp.o
        30          0          0          0          0         68   llshl.o
        36          0          0          0          0         68   llsshr.o
        32          0          0          0          0         68   llushr.o
        36          0          0          0          0         68   memcpya.o
        36          0          0          0          0        108   memseta.o
      2292         84          0          0          0        516   printfa.o
        44          0          0          0          0         80   uidiv.o
        98          0          0          0          0         92   uldiv.o
        48          0          0          0          0         68   cdrcmple.o
        56          0          0          0          0         88   d2f.o
       334          0          0          0          0        148   dadd.o
       222          0          0          0          0        100   ddiv.o
       186          0          0          0          0        176   depilogue.o
        48          0          0          0          0         68   dfixul.o
        26          0          0          0          0         76   dfltui.o
       228          0          0          0          0         96   dmul.o
        38          0          0          0          0         68   f2d.o
        54          0          0          0          0         68   fcmp4.o
       110          0          0          0          0        168   fepilogue.o
        60          0          0          0          0         76   frnd.o

    ----------------------------------------------------------------------
     10956        238      48676          4          0      46579   Library Totals
        16          0          0          0          0          0   (incl. Padding)

    ----------------------------------------------------------------------

      Code (inc. data)   RO Data    RW Data    ZI Data      Debug   Library Name

      5820         36      48676          0          0      43071   arm_cortexM4lf_math.lib
      1008         96          0          0          0       1104   m_wm.l
      2702        106          0          4          0       1204   mc_w.l
      1410          0          0          0          0       1200   mf_w.l

    ----------------------------------------------------------------------
     10956        238      48676          4          0      46579   Library Totals

    ----------------------------------------------------------------------

==============================================================================


      Code (inc. data)   RO Data    RW Data    ZI Data      Debug   

     27912       1744      49168        216      67736    1033919   Grand Totals
     27912       1744      49168        216      67736    1033919   ELF Image Totals
     27912       1744      49168        216          0          0   ROM Totals

==============================================================================

    Total RO  Size (Code + RO Data)                77080 (  75.27kB)
    Total RW  Size (RW Data + ZI Data)             67952 (  66.36kB)
    Total ROM Size (Code + RO Data + RW Data)      77296 (  75.48kB)

==============================================================================

